
R version 2.15.2 Patched (--) -- "Trick or Treat"
Copyright (C)  The R Foundation for Statistical Computing
ISBN 3-900051-07-0
Platform: x86_64-unknown-linux-gnu (64-bit)

R is free software and comes with ABSOLUTELY NO WARRANTY.
You are welcome to redistribute it under certain conditions.
Type 'license()' or 'licence()' for distribution details.

  Natural language support but running in an English locale

R is a collaborative project with many contributors.
Type 'contributors()' for more information and
'citation()' on how to cite R or R packages in publications.

Type 'demo()' for some demos, 'help()' for on-line help, or
'help.start()' for an HTML browser interface to help.
Type 'q()' to quit R.

> ##### Code to scrape from nhl.com
> ##### Relies on A.C. Thomas's nhlcrapr package
> 
> source("args.R")
> 
> ## does not write over previous scrapes
> system(sprintf("mkdir -p %s",EXT))
> 
> ## you need to have installed...
> library(bitops, lib.loc=LIB)
> library(RCurl, lib.loc=LIB)
> library(rjson, lib.loc=LIB)
> library(nhlscrapr, lib.loc=LIB)
> library(doMC, lib.loc=LIB)
Loading required package: foreach
Loading required package: iterators
Loading required package: parallel
> sessionInfo()
R version 2.15.2 Patched (--)
Platform: x86_64-unknown-linux-gnu (64-bit)

locale:
 [1] LC_CTYPE=en_US.UTF-8       LC_NUMERIC=C              
 [3] LC_TIME=en_US.UTF-8        LC_COLLATE=en_US.UTF-8    
 [5] LC_MONETARY=en_US.UTF-8    LC_MESSAGES=en_US.UTF-8   
 [7] LC_PAPER=C                 LC_NAME=C                 
 [9] LC_ADDRESS=C               LC_TELEPHONE=C            
[11] LC_MEASUREMENT=en_US.UTF-8 LC_IDENTIFICATION=C       

attached base packages:
[1] parallel  stats     graphics  grDevices utils     datasets  methods  
[8] base     

other attached packages:
[1] doMC_1.3.0      iterators_1.0.6 foreach_1.4.0   nhlscrapr_1.0.1
[5] rjson_0.2.12    RCurl_1.95-4.1  bitops_1.0-5   

loaded via a namespace (and not attached):
[1] codetools_0.2-8
> 
> ## start cluster
> registerDoMC(NC)
> 
> ## grab the full game data
> allgames <- full.game.database()
> ## subset for only valid ones we don't have
> grexist <- sub("-",".",
+ 		gsub(sprintf("%s|/|-gamerec.txt",EXT),"",
+ 			 Sys.glob(sprintf("%s/*-gamerec.txt",EXT))))
> grcode <- apply(allgames[,c("season","gcode")],
+ 				1, function(r) paste(r,collapse="."))
> games <- allgames[grcode>max(grexist) & allgames$valid,]
> print(ng <- nrow(games))
[1] 4
> 
> ## process games in parallel
> NCP = NC
> if(NCP>ng) NCP = ng
> chunk <- ceiling( (0:NCP)*(nrow(games)/NCP) )
> print(chunk)
[1] 0 1 2 3 4
> mcproc <- foreach (k=1:NCP) %dopar% {
+ 	G <- games[(chunk[k]+1):chunk[k+1],]
+ 	for(i in 1:nrow(G)){
+ 	    tryCatch(item <- process.single.game(G$season[i],G$gcode[i],EXT,save.to.file=TRUE),
+ 	    		  error = function(e) print(paste("CAUGHT at",G[i,1],G$gcode[i],":",e))) 
+ 	    if (i%%100 == 0) message(paste("proc game", i, "of chunk", k))
+ 	}
+ } 
> warnings()
NULL
> 
> ######  up to here works for augmentation; 
> ######  beyond does not because those player IDs 
> ######  are not universal; they are created anew each time.
> ######  instead I need to reprocess the games anew...
> 
> ## build out roster material and save
> roster <- construct.rosters(allgames[allgames$valid,], 
+ 							rdata.folder = EXT)
Roster loading: game 100 of 12685 with 0 skips.
Roster loading: game 200 of 12685 with 0 skips.
Roster loading: game 300 of 12685 with 0 skips.
Roster loading: game 400 of 12685 with 0 skips.
Roster loading: game 500 of 12685 with 0 skips.
Roster loading: game 600 of 12685 with 0 skips.
Roster loading: game 700 of 12685 with 0 skips.
Roster loading: game 800 of 12685 with 0 skips.
Roster loading: game 900 of 12685 with 0 skips.
Roster loading: game 1000 of 12685 with 0 skips.
Roster loading: game 1100 of 12685 with 0 skips.
Roster loading: game 1200 of 12685 with 0 skips.
Roster loading: game 1300 of 12685 with 0 skips.
Roster loading: game 1400 of 12685 with 0 skips.
Roster loading: game 1500 of 12685 with 0 skips.
Roster loading: game 1600 of 12685 with 0 skips.
Roster loading: game 1700 of 12685 with 0 skips.
Roster loading: game 1800 of 12685 with 0 skips.
Roster loading: game 1900 of 12685 with 0 skips.
Roster loading: game 2000 of 12685 with 0 skips.
Roster loading: game 2100 of 12685 with 0 skips.
Roster loading: game 2200 of 12685 with 0 skips.
Roster loading: game 2300 of 12685 with 0 skips.
Roster loading: game 2400 of 12685 with 0 skips.
Roster loading: game 2500 of 12685 with 0 skips.
Roster loading: game 2600 of 12685 with 0 skips.
Roster loading: game 2700 of 12685 with 0 skips.
Roster loading: game 2800 of 12685 with 0 skips.
Roster loading: game 2900 of 12685 with 0 skips.
Roster loading: game 3000 of 12685 with 0 skips.
Roster loading: game 3100 of 12685 with 0 skips.
Roster loading: game 3200 of 12685 with 0 skips.
Roster loading: game 3300 of 12685 with 0 skips.
Roster loading: game 3400 of 12685 with 0 skips.
Roster loading: game 3500 of 12685 with 0 skips.
Roster loading: game 3600 of 12685 with 0 skips.
Roster loading: game 3700 of 12685 with 0 skips.
Roster loading: game 3800 of 12685 with 0 skips.
Roster loading: game 3900 of 12685 with 0 skips.
Roster loading: game 4000 of 12685 with 0 skips.
Roster loading: game 4100 of 12685 with 0 skips.
Roster loading: game 4200 of 12685 with 0 skips.
Roster loading: game 4300 of 12685 with 0 skips.
Roster loading: game 4400 of 12685 with 0 skips.
Roster loading: game 4500 of 12685 with 0 skips.
Roster loading: game 4600 of 12685 with 0 skips.
Roster loading: game 4700 of 12685 with 0 skips.
Roster loading: game 4800 of 12685 with 0 skips.
Roster loading: game 4900 of 12685 with 0 skips.
Roster loading: game 5000 of 12685 with 0 skips.
Roster loading: game 5100 of 12685 with 0 skips.
Roster loading: game 5200 of 12685 with 0 skips.
Roster loading: game 5300 of 12685 with 0 skips.
Roster loading: game 5400 of 12685 with 0 skips.
Roster loading: game 5500 of 12685 with 0 skips.
Roster loading: game 5600 of 12685 with 0 skips.
Roster loading: game 5700 of 12685 with 0 skips.
Roster loading: game 5800 of 12685 with 0 skips.
Roster loading: game 5900 of 12685 with 0 skips.
Roster loading: game 6000 of 12685 with 0 skips.
Roster loading: game 6100 of 12685 with 0 skips.
Roster loading: game 6200 of 12685 with 0 skips.
Roster loading: game 6300 of 12685 with 0 skips.
Roster loading: game 6400 of 12685 with 0 skips.
Roster loading: game 6500 of 12685 with 0 skips.
Roster loading: game 6600 of 12685 with 0 skips.
Roster loading: game 6700 of 12685 with 0 skips.
Roster loading: game 6800 of 12685 with 0 skips.
Roster loading: game 6900 of 12685 with 0 skips.
Roster loading: game 7000 of 12685 with 0 skips.
Roster loading: game 7100 of 12685 with 0 skips.
Roster loading: game 7200 of 12685 with 0 skips.
Roster loading: game 7300 of 12685 with 0 skips.
Roster loading: game 7400 of 12685 with 0 skips.
Roster loading: game 7500 of 12685 with 0 skips.
Roster loading: game 7600 of 12685 with 0 skips.
Roster loading: game 7700 of 12685 with 0 skips.
Roster loading: game 7800 of 12685 with 0 skips.
Roster loading: game 7900 of 12685 with 0 skips.
Roster loading: game 8000 of 12685 with 0 skips.
Roster loading: game 8100 of 12685 with 0 skips.
Roster loading: game 8200 of 12685 with 0 skips.
Roster loading: game 8300 of 12685 with 0 skips.
Roster loading: game 8400 of 12685 with 0 skips.
Roster loading: game 8500 of 12685 with 0 skips.
Roster loading: game 8600 of 12685 with 0 skips.
Roster loading: game 8700 of 12685 with 0 skips.
Roster loading: game 8800 of 12685 with 0 skips.
Roster loading: game 8900 of 12685 with 0 skips.
Roster loading: game 9000 of 12685 with 0 skips.
Roster loading: game 9100 of 12685 with 0 skips.
Roster loading: game 9200 of 12685 with 0 skips.
Roster loading: game 9300 of 12685 with 0 skips.
Roster loading: game 9400 of 12685 with 1 skips.
Roster loading: game 9500 of 12685 with 1 skips.
Roster loading: game 9600 of 12685 with 1 skips.
Roster loading: game 9700 of 12685 with 1 skips.
Roster loading: game 9800 of 12685 with 1 skips.
Roster loading: game 9900 of 12685 with 1 skips.
Roster loading: game 10000 of 12685 with 1 skips.
Roster loading: game 10100 of 12685 with 1 skips.
Roster loading: game 10200 of 12685 with 1 skips.
Roster loading: game 10300 of 12685 with 1 skips.
Roster loading: game 10400 of 12685 with 1 skips.
Roster loading: game 10500 of 12685 with 1 skips.
Roster loading: game 10600 of 12685 with 1 skips.
Roster loading: game 10700 of 12685 with 1 skips.
Roster loading: game 10800 of 12685 with 1 skips.
Roster loading: game 10900 of 12685 with 1 skips.
Roster loading: game 11000 of 12685 with 1 skips.
Roster loading: game 11100 of 12685 with 1 skips.
Roster loading: game 11200 of 12685 with 1 skips.
Roster loading: game 11300 of 12685 with 1 skips.
Roster loading: game 11400 of 12685 with 1 skips.
Roster loading: game 11500 of 12685 with 1 skips.
Roster loading: game 11600 of 12685 with 1 skips.
Roster loading: game 11700 of 12685 with 1 skips.
Roster loading: game 11800 of 12685 with 1 skips.
Roster loading: game 11900 of 12685 with 1 skips.
Roster loading: game 12000 of 12685 with 1 skips.
Roster loading: game 12100 of 12685 with 1 skips.
Roster loading: game 12200 of 12685 with 1 skips.
Roster loading: game 12300 of 12685 with 1 skips.
Roster loading: game 12400 of 12685 with 1 skips.
Roster loading: game 12500 of 12685 with 1 skips.
Roster loading: game 12600 of 12685 with 1 skips.
Roster merger: game 100 of 12685
Roster merger: game 200 of 12685
Roster merger: game 300 of 12685
Roster merger: game 400 of 12685
Roster merger: game 500 of 12685
Roster merger: game 600 of 12685
Roster merger: game 700 of 12685
Roster merger: game 800 of 12685
Roster merger: game 900 of 12685
Roster merger: game 1000 of 12685
Roster merger: game 1100 of 12685
Roster merger: game 1200 of 12685
Roster merger: game 1300 of 12685
Roster merger: game 1400 of 12685
Roster merger: game 1500 of 12685
Roster merger: game 1600 of 12685
Roster merger: game 1700 of 12685
Roster merger: game 1800 of 12685
Roster merger: game 1900 of 12685
Roster merger: game 2000 of 12685
Roster merger: game 2100 of 12685
Roster merger: game 2200 of 12685
Roster merger: game 2300 of 12685
Roster merger: game 2400 of 12685
Roster merger: game 2500 of 12685
Roster merger: game 2600 of 12685
Roster merger: game 2700 of 12685
Roster merger: game 2800 of 12685
Roster merger: game 2900 of 12685
Roster merger: game 3000 of 12685
Roster merger: game 3100 of 12685
Roster merger: game 3200 of 12685
Roster merger: game 3300 of 12685
Roster merger: game 3400 of 12685
Roster merger: game 3500 of 12685
Roster merger: game 3600 of 12685
Roster merger: game 3700 of 12685
Roster merger: game 3800 of 12685
Roster merger: game 3900 of 12685
Roster merger: game 4000 of 12685
Roster merger: game 4100 of 12685
Roster merger: game 4200 of 12685
Roster merger: game 4300 of 12685
Roster merger: game 4400 of 12685
Roster merger: game 4500 of 12685
Roster merger: game 4600 of 12685
Roster merger: game 4700 of 12685
Roster merger: game 4800 of 12685
Roster merger: game 4900 of 12685
Roster merger: game 5000 of 12685
Roster merger: game 5100 of 12685
Roster merger: game 5200 of 12685
Roster merger: game 5300 of 12685
Roster merger: game 5400 of 12685
Roster merger: game 5500 of 12685
Roster merger: game 5600 of 12685
Roster merger: game 5700 of 12685
Roster merger: game 5800 of 12685
Roster merger: game 5900 of 12685
Roster merger: game 6000 of 12685
Roster merger: game 6100 of 12685
Roster merger: game 6200 of 12685
Roster merger: game 6300 of 12685
Roster merger: game 6400 of 12685
Roster merger: game 6500 of 12685
Roster merger: game 6600 of 12685
Roster merger: game 6700 of 12685
Roster merger: game 6800 of 12685
Roster merger: game 6900 of 12685
Roster merger: game 7000 of 12685
Roster merger: game 7100 of 12685
Roster merger: game 7200 of 12685
Roster merger: game 7300 of 12685
Roster merger: game 7400 of 12685
Roster merger: game 7500 of 12685
Roster merger: game 7600 of 12685
Roster merger: game 7700 of 12685
Roster merger: game 7800 of 12685
Roster merger: game 7900 of 12685
Roster merger: game 8000 of 12685
Roster merger: game 8100 of 12685
Roster merger: game 8200 of 12685
Roster merger: game 8300 of 12685
Roster merger: game 8400 of 12685
Roster merger: game 8500 of 12685
Roster merger: game 8600 of 12685
Roster merger: game 8700 of 12685
Roster merger: game 8800 of 12685
Roster merger: game 8900 of 12685
Roster merger: game 9000 of 12685
Roster merger: game 9100 of 12685
Roster merger: game 9200 of 12685
Roster merger: game 9300 of 12685
Roster merger: game 9400 of 12685
Roster merger: game 9500 of 12685
Roster merger: game 9600 of 12685
Roster merger: game 9700 of 12685
Roster merger: game 9800 of 12685
Roster merger: game 9900 of 12685
Roster merger: game 10000 of 12685
Roster merger: game 10100 of 12685
Roster merger: game 10200 of 12685
Roster merger: game 10300 of 12685
Roster merger: game 10400 of 12685
Roster merger: game 10500 of 12685
Roster merger: game 10600 of 12685
Roster merger: game 10700 of 12685
Roster merger: game 10800 of 12685
Roster merger: game 10900 of 12685
Roster merger: game 11000 of 12685
Roster merger: game 11100 of 12685
Roster merger: game 11200 of 12685
Roster merger: game 11300 of 12685
Roster merger: game 11400 of 12685
Roster merger: game 11500 of 12685
Roster merger: game 11600 of 12685
Roster merger: game 11700 of 12685
Roster merger: game 11800 of 12685
Roster merger: game 11900 of 12685
Roster merger: game 12000 of 12685
Roster merger: game 12100 of 12685
Roster merger: game 12200 of 12685
Roster merger: game 12300 of 12685
Roster merger: game 12400 of 12685
Roster merger: game 12500 of 12685
Roster merger: game 12600 of 12685
Finding most likely position for each player.
> save(roster, file="../data/roster.RData")
> 
> ## extract valid games
> validgames <- roster$games[roster$games$valid,]
> master <- roster$master.list
> 
> ## augment the game information in parallel
> chunk <- ceiling( (0:NC)*(nrow(validgames)/NC) )
> print(chunk)
 [1]     0   793  1586  2379  3171  3964  4757  5550  6342  7135  7928  8721
[13]  9513 10306 11099 11892 12684
> mcaug <- foreach (k=1:NC) %dopar% {
+ 	G <- validgames[(chunk[k]+1):chunk[k+1],]
+ 	for(i in 1:nrow(G)){
+ 		tryCatch({
+ 			rec <- augment.game(retrieve.game(G$season[i], G$gcode[i], EXT),master)
+ 			write.table(rec, file=sprintf("%s/%s-%s-gamerec.txt",
+ 					EXT,G$season[i], G$gcode[i]), 
+ 					sep="|", quote=FALSE) },
+ 			error = function(e) print(paste("CAUGHT at",G[i,1],G$gcode[i],":",e)))
+ 		if (i%%100 == 0) message(paste("write game", i, "of chunk ", k))}
+ }
[1] "CAUGHT at 20032004 30116 : Error in `[.data.frame`(playbyplay, , cc): undefined columns selected\n"
[1] "CAUGHT at 20032004 30117 : Error in `[.data.frame`(playbyplay, , cc): undefined columns selected\n"
[1] "CAUGHT at 20032004 30136 : Error in `[.data.frame`(playbyplay, , cc): undefined columns selected\n"
[1] "CAUGHT at 20032004 30137 : Error in `[.data.frame`(playbyplay, , cc): undefined columns selected\n"
[1] "CAUGHT at 20032004 30157 : Error in `[.data.frame`(playbyplay, , cc): undefined columns selected\n"
[1] "CAUGHT at 20032004 30166 : Error in `[.data.frame`(playbyplay, , cc): undefined columns selected\n"
[1] "CAUGHT at 20032004 30167 : Error in `[.data.frame`(playbyplay, , cc): undefined columns selected\n"
write game 100 of chunk  4
[1] "CAUGHT at 20032004 30186 : Error in `[.data.frame`(playbyplay, , cc): undefined columns selected\n"
[1] "CAUGHT at 20032004 30187 : Error in `[.data.frame`(playbyplay, , cc): undefined columns selected\n"
write game 100 of chunk  1
write game 100 of chunk  2
write game 100 of chunk  16
[1] "CAUGHT at 20032004 30215 : Error in `[.data.frame`(playbyplay, , cc): undefined columns selected\n"
[1] "CAUGHT at 20032004 30216 : Error in `[.data.frame`(playbyplay, , cc): undefined columns selected\n"
[1] "CAUGHT at 20032004 30217 : Error in `[.data.frame`(playbyplay, , cc): undefined columns selected\n"
write game 100 of chunk  3
[1] "CAUGHT at 20032004 30227 : Error in `[.data.frame`(playbyplay, , cc): undefined columns selected\n"
write game 100 of chunk  15
write game 100 of chunk  13
write game 100 of chunk  14
[1] "CAUGHT at 20032004 30237 : Error in `[.data.frame`(playbyplay, , cc): undefined columns selected\n"
[1] "CAUGHT at 20072008 30125 : Error in `[.data.frame`(playbyplay, , cc): undefined columns selected\n"
[1] "CAUGHT at 20072008 30126 : Error in `[.data.frame`(playbyplay, , cc): undefined columns selected\n"
[1] "CAUGHT at 20072008 30127 : Error in `[.data.frame`(playbyplay, , cc): undefined columns selected\n"
[1] "CAUGHT at 20032004 30247 : Error in `[.data.frame`(playbyplay, , cc): undefined columns selected\n"
write game 100 of chunk  9
write game 100 of chunk  8
write game 100 of chunk  10
write game 100 of chunk  12
write game 100 of chunk  11
write game 100 of chunk  7
write game 100 of chunk  6
write game 100 of chunk  5
[1] "CAUGHT at 20102011 30116 : Error in `[.data.frame`(playbyplay, , cc): undefined columns selected\n"
[1] "CAUGHT at 20102011 30117 : Error in `[.data.frame`(playbyplay, , cc): undefined columns selected\n"
[1] "CAUGHT at 20032004 30327 : Error in `[.data.frame`(playbyplay, , cc): undefined columns selected\n"
[1] "CAUGHT at 20072008 30146 : Error in `[.data.frame`(playbyplay, , cc): undefined columns selected\n"
[1] "CAUGHT at 20072008 30147 : Error in `[.data.frame`(playbyplay, , cc): undefined columns selected\n"
[1] "CAUGHT at 20072008 30157 : Error in `[.data.frame`(playbyplay, , cc): undefined columns selected\n"
[1] "CAUGHT at 20072008 30177 : Error in `[.data.frame`(playbyplay, , cc): undefined columns selected\n"
[1] "CAUGHT at 20072008 30187 : Error in `[.data.frame`(playbyplay, , cc): undefined columns selected\n"
[1] "CAUGHT at 20072008 30216 : Error in `[.data.frame`(playbyplay, , cc): undefined columns selected\n"
[1] "CAUGHT at 20102011 30167 : Error in `[.data.frame`(playbyplay, , cc): undefined columns selected\n"
[1] "CAUGHT at 20072008 30217 : Error in `[.data.frame`(playbyplay, , cc): undefined columns selected\n"
[1] "CAUGHT at 20102011 30175 : Error in `[.data.frame`(playbyplay, , cc): undefined columns selected\n"
[1] "CAUGHT at 20102011 30176 : Error in `[.data.frame`(playbyplay, , cc): undefined columns selected\n"
[1] "CAUGHT at 20102011 30177 : Error in `[.data.frame`(playbyplay, , cc): undefined columns selected\n"
[1] "CAUGHT at 20072008 30226 : Error in `[.data.frame`(playbyplay, , cc): undefined columns selected\n"
[1] "CAUGHT at 20072008 30227 : Error in `[.data.frame`(playbyplay, , cc): undefined columns selected\n"
[1] "CAUGHT at 20072008 30235 : Error in `[.data.frame`(playbyplay, , cc): undefined columns selected\n"
[1] "CAUGHT at 20102011 30187 : Error in `[.data.frame`(playbyplay, , cc): undefined columns selected\n"
[1] "CAUGHT at 20072008 30236 : Error in `[.data.frame`(playbyplay, , cc): undefined columns selected\n"
[1] "CAUGHT at 20072008 30237 : Error in `[.data.frame`(playbyplay, , cc): undefined columns selected\n"
[1] "CAUGHT at 20102011 30215 : Error in `[.data.frame`(playbyplay, , cc): undefined columns selected\n"
[1] "CAUGHT at 20102011 30216 : Error in `[.data.frame`(playbyplay, , cc): undefined columns selected\n"
[1] "CAUGHT at 20102011 30217 : Error in `[.data.frame`(playbyplay, , cc): undefined columns selected\n"
[1] "CAUGHT at 20072008 30247 : Error in `[.data.frame`(playbyplay, , cc): undefined columns selected\n"
[1] "CAUGHT at 20102011 30225 : Error in `[.data.frame`(playbyplay, , cc): undefined columns selected\n"
[1] "CAUGHT at 20102011 30226 : Error in `[.data.frame`(playbyplay, , cc): undefined columns selected\n"
[1] "CAUGHT at 20102011 30227 : Error in `[.data.frame`(playbyplay, , cc): undefined columns selected\n"
write game 200 of chunk  2
write game 200 of chunk  1
write game 200 of chunk  4
[1] "CAUGHT at 20072008 30316 : Error in `[.data.frame`(playbyplay, , cc): undefined columns selected\n"
[1] "CAUGHT at 20072008 30317 : Error in `[.data.frame`(playbyplay, , cc): undefined columns selected\n"
[1] "CAUGHT at 20102011 30237 : Error in `[.data.frame`(playbyplay, , cc): undefined columns selected\n"
write game 200 of chunk  3
[1] "CAUGHT at 20072008 30327 : Error in `[.data.frame`(playbyplay, , cc): undefined columns selected\n"
write game 200 of chunk  16
write game 200 of chunk  14
[1] "CAUGHT at 20072008 30417 : Error in `[.data.frame`(playbyplay, , cc): undefined columns selected\n"
write game 200 of chunk  15
[1] "CAUGHT at 20102011 30326 : Error in `[.data.frame`(playbyplay, , cc): undefined columns selected\n"
write game 200 of chunk  13
[1] "CAUGHT at 20102011 30327 : Error in `[.data.frame`(playbyplay, , cc): undefined columns selected\n"
write game 200 of chunk  9
write game 200 of chunk  8
write game 200 of chunk  10
write game 200 of chunk  12
write game 200 of chunk  11
write game 200 of chunk  6
write game 200 of chunk  5
write game 200 of chunk  7
write game 300 of chunk  2
[1] "CAUGHT at 20052006 20127 : Error in `[.data.frame`(playbyplay, , cc): undefined columns selected\n"
write game 300 of chunk  1
write game 300 of chunk  3
[1] "CAUGHT at 20022003 30116 : Error in `[.data.frame`(playbyplay, , cc): undefined columns selected\n"
[1] "CAUGHT at 20022003 30117 : Error in `[.data.frame`(playbyplay, , cc): undefined columns selected\n"
[1] "CAUGHT at 20022003 30126 : Error in `[.data.frame`(playbyplay, , cc): undefined columns selected\n"
[1] "CAUGHT at 20022003 30127 : Error in `[.data.frame`(playbyplay, , cc): undefined columns selected\n"
[1] "CAUGHT at 20022003 30137 : Error in `[.data.frame`(playbyplay, , cc): undefined columns selected\n"
write game 300 of chunk  4
write game 300 of chunk  16
write game 300 of chunk  14
[1] "CAUGHT at 20022003 30157 : Error in `[.data.frame`(playbyplay, , cc): undefined columns selected\n"
[1] "CAUGHT at 20022003 30165 : Error in `[.data.frame`(playbyplay, , cc): undefined columns selected\n"
[1] "CAUGHT at 20022003 30166 : Error in `[.data.frame`(playbyplay, , cc): undefined columns selected\n"
[1] "CAUGHT at 20022003 30167 : Error in `[.data.frame`(playbyplay, , cc): undefined columns selected\n"
write game 300 of chunk  15
write game 300 of chunk  13
[1] "CAUGHT at 20022003 30217 : Error in `[.data.frame`(playbyplay, , cc): undefined columns selected\n"
write game 300 of chunk  9
[1] "CAUGHT at 20022003 30226 : Error in `[.data.frame`(playbyplay, , cc): undefined columns selected\n"
[1] "CAUGHT at 20022003 30227 : Error in `[.data.frame`(playbyplay, , cc): undefined columns selected\n"
write game 300 of chunk  12
write game 300 of chunk  8
[1] "CAUGHT at 20022003 30237 : Error in `[.data.frame`(playbyplay, , cc): undefined columns selected\n"
write game 300 of chunk  11
write game 300 of chunk  10
write game 300 of chunk  6
write game 300 of chunk  5
write game 300 of chunk  7
write game 400 of chunk  2
[1] "CAUGHT at 20022003 30325 : Error in `[.data.frame`(playbyplay, , cc): undefined columns selected\n"
[1] "CAUGHT at 20022003 30326 : Error in `[.data.frame`(playbyplay, , cc): undefined columns selected\n"
[1] "CAUGHT at 20022003 30327 : Error in `[.data.frame`(playbyplay, , cc): undefined columns selected\n"
write game 400 of chunk  1
write game 400 of chunk  3
[1] "CAUGHT at 20052006 20234 : Error in `[.data.frame`(playbyplay, , cc): undefined columns selected\n"
[1] "CAUGHT at 20062007 30116 : Error in `[.data.frame`(playbyplay, , cc): undefined columns selected\n"
[1] "CAUGHT at 20062007 30117 : Error in `[.data.frame`(playbyplay, , cc): undefined columns selected\n"
write game 400 of chunk  16
[1] "CAUGHT at 20062007 30127 : Error in `[.data.frame`(playbyplay, , cc): undefined columns selected\n"
write game 400 of chunk  14
write game 400 of chunk  4
[1] "CAUGHT at 20062007 30135 : Error in `[.data.frame`(playbyplay, , cc): undefined columns selected\n"
[1] "CAUGHT at 20062007 30136 : Error in `[.data.frame`(playbyplay, , cc): undefined columns selected\n"
[1] "CAUGHT at 20062007 30137 : Error in `[.data.frame`(playbyplay, , cc): undefined columns selected\n"
write game 400 of chunk  15
[1] "CAUGHT at 20092010 30126 : Error in `[.data.frame`(playbyplay, , cc): undefined columns selected\n"
[1] "CAUGHT at 20092010 30127 : Error in `[.data.frame`(playbyplay, , cc): undefined columns selected\n"
[1] "CAUGHT at 20062007 30146 : Error in `[.data.frame`(playbyplay, , cc): undefined columns selected\n"
[1] "CAUGHT at 20062007 30147 : Error in `[.data.frame`(playbyplay, , cc): undefined columns selected\n"
[1] "CAUGHT at 20092010 30137 : Error in `[.data.frame`(playbyplay, , cc): undefined columns selected\n"
[1] "CAUGHT at 20062007 30157 : Error in `[.data.frame`(playbyplay, , cc): undefined columns selected\n"
[1] "CAUGHT at 20092010 30147 : Error in `[.data.frame`(playbyplay, , cc): undefined columns selected\n"
[1] "CAUGHT at 20062007 30166 : Error in `[.data.frame`(playbyplay, , cc): undefined columns selected\n"
[1] "CAUGHT at 20062007 30167 : Error in `[.data.frame`(playbyplay, , cc): undefined columns selected\n"
write game 400 of chunk  13
write game 400 of chunk  12
[1] "CAUGHT at 20092010 30157 : Error in `[.data.frame`(playbyplay, , cc): undefined columns selected\n"
write game 400 of chunk  9
write game 400 of chunk  8
write game 500 of chunk  2
[1] "CAUGHT at 20092010 30167 : Error in `[.data.frame`(playbyplay, , cc): undefined columns selected\n"
write game 400 of chunk  11
[1] "CAUGHT at 20062007 30186 : Error in `[.data.frame`(playbyplay, , cc): undefined columns selected\n"
[1] "CAUGHT at 20062007 30187 : Error in `[.data.frame`(playbyplay, , cc): undefined columns selected\n"
[1] "CAUGHT at 20092010 30177 : Error in `[.data.frame`(playbyplay, , cc): undefined columns selected\n"
[1] "CAUGHT at 20062007 30217 : Error in `[.data.frame`(playbyplay, , cc): undefined columns selected\n"
write game 400 of chunk  10
write game 400 of chunk  7
write game 400 of chunk  6
[1] "CAUGHT at 20062007 30226 : Error in `[.data.frame`(playbyplay, , cc): undefined columns selected\n"
[1] "CAUGHT at 20062007 30227 : Error in `[.data.frame`(playbyplay, , cc): undefined columns selected\n"
write game 500 of chunk  1
[1] "CAUGHT at 20062007 30237 : Error in `[.data.frame`(playbyplay, , cc): undefined columns selected\n"
write game 400 of chunk  5
write game 500 of chunk  3
[1] "CAUGHT at 20062007 30246 : Error in `[.data.frame`(playbyplay, , cc): undefined columns selected\n"
[1] "CAUGHT at 20062007 30247 : Error in `[.data.frame`(playbyplay, , cc): undefined columns selected\n"
[1] "CAUGHT at 20062007 30316 : Error in `[.data.frame`(playbyplay, , cc): undefined columns selected\n"
[1] "CAUGHT at 20062007 30317 : Error in `[.data.frame`(playbyplay, , cc): undefined columns selected\n"
[1] "CAUGHT at 20092010 30236 : Error in `[.data.frame`(playbyplay, , cc): undefined columns selected\n"
[1] "CAUGHT at 20092010 30237 : Error in `[.data.frame`(playbyplay, , cc): undefined columns selected\n"
[1] "CAUGHT at 20092010 30247 : Error in `[.data.frame`(playbyplay, , cc): undefined columns selected\n"
[1] "CAUGHT at 20062007 30327 : Error in `[.data.frame`(playbyplay, , cc): undefined columns selected\n"
[1] "CAUGHT at 20092010 30316 : Error in `[.data.frame`(playbyplay, , cc): undefined columns selected\n"
[1] "CAUGHT at 20092010 30317 : Error in `[.data.frame`(playbyplay, , cc): undefined columns selected\n"
[1] "CAUGHT at 20062007 30416 : Error in `[.data.frame`(playbyplay, , cc): undefined columns selected\n"
[1] "CAUGHT at 20062007 30417 : Error in `[.data.frame`(playbyplay, , cc): undefined columns selected\n"
[1] "CAUGHT at 20092010 30325 : Error in `[.data.frame`(playbyplay, , cc): undefined columns selected\n"
[1] "CAUGHT at 20092010 30326 : Error in `[.data.frame`(playbyplay, , cc): undefined columns selected\n"
[1] "CAUGHT at 20092010 30327 : Error in `[.data.frame`(playbyplay, , cc): undefined columns selected\n"
write game 500 of chunk  16
[1] "CAUGHT at 20092010 30417 : Error in `[.data.frame`(playbyplay, , cc): undefined columns selected\n"
write game 500 of chunk  14
write game 500 of chunk  4
write game 500 of chunk  15
write game 500 of chunk  12
write game 600 of chunk  2
write game 500 of chunk  13
write game 500 of chunk  9
write game 500 of chunk  8
write game 500 of chunk  11
write game 600 of chunk  1
write game 500 of chunk  7
write game 600 of chunk  3
write game 500 of chunk  10
write game 500 of chunk  6
write game 500 of chunk  5
write game 600 of chunk  16
write game 600 of chunk  14
write game 600 of chunk  15
write game 600 of chunk  4
write game 700 of chunk  2
write game 600 of chunk  12
write game 700 of chunk  1
write game 600 of chunk  13
write game 600 of chunk  8
write game 600 of chunk  11
write game 700 of chunk  3
write game 600 of chunk  9
write game 600 of chunk  7
write game 600 of chunk  10
write game 600 of chunk  6
[1] "CAUGHT at 20052006 30116 : Error in `[.data.frame`(playbyplay, , cc): undefined columns selected\n"
[1] "CAUGHT at 20052006 30117 : Error in `[.data.frame`(playbyplay, , cc): undefined columns selected\n"
[1] "CAUGHT at 20052006 30127 : Error in `[.data.frame`(playbyplay, , cc): undefined columns selected\n"
write game 600 of chunk  5
[1] "CAUGHT at 20052006 30135 : Error in `[.data.frame`(playbyplay, , cc): undefined columns selected\n"
[1] "CAUGHT at 20052006 30136 : Error in `[.data.frame`(playbyplay, , cc): undefined columns selected\n"
[1] "CAUGHT at 20052006 30137 : Error in `[.data.frame`(playbyplay, , cc): undefined columns selected\n"
[1] "CAUGHT at 20122013 30117 : Error in `[.data.frame`(playbyplay, , cc): undefined columns selected\n"
[1] "CAUGHT at 20082009 30115 : Error in `[.data.frame`(playbyplay, , cc): undefined columns selected\n"
[1] "CAUGHT at 20082009 30116 : Error in `[.data.frame`(playbyplay, , cc): undefined columns selected\n"
[1] "CAUGHT at 20082009 30117 : Error in `[.data.frame`(playbyplay, , cc): undefined columns selected\n"
[1] "CAUGHT at 20052006 30147 : Error in `[.data.frame`(playbyplay, , cc): undefined columns selected\n"
[1] "CAUGHT at 20112012 30147 : Error in `[.data.frame`(playbyplay, , cc): undefined columns selected\n"
[1] "CAUGHT at 20122013 30126 : Error in `[.data.frame`(playbyplay, , cc): undefined columns selected\n"
write game 700 of chunk  16
[1] "CAUGHT at 20122013 30127 : Error in `[.data.frame`(playbyplay, , cc): undefined columns selected\n"
[1] "CAUGHT at 20112012 30156 : Error in `[.data.frame`(playbyplay, , cc): undefined columns selected\n"
[1] "CAUGHT at 20112012 30157 : Error in `[.data.frame`(playbyplay, , cc): undefined columns selected\n"
[1] "CAUGHT at 20052006 30157 : Error in `[.data.frame`(playbyplay, , cc): undefined columns selected\n"
[1] "CAUGHT at 20112012 30166 : Error in `[.data.frame`(playbyplay, , cc): undefined columns selected\n"
[1] "CAUGHT at 20112012 30167 : Error in `[.data.frame`(playbyplay, , cc): undefined columns selected\n"
[1] "CAUGHT at 20052006 30166 : Error in `[.data.frame`(playbyplay, , cc): undefined columns selected\n"
[1] "CAUGHT at 20052006 30167 : Error in `[.data.frame`(playbyplay, , cc): undefined columns selected\n"
write game 700 of chunk  15
[1] "CAUGHT at 20112012 30177 : Error in `[.data.frame`(playbyplay, , cc): undefined columns selected\n"
[1] "CAUGHT at 20082009 30147 : Error in `[.data.frame`(playbyplay, , cc): undefined columns selected\n"
[1] "CAUGHT at 20122013 30156 : Error in `[.data.frame`(playbyplay, , cc): undefined columns selected\n"
[1] "CAUGHT at 20122013 30157 : Error in `[.data.frame`(playbyplay, , cc): undefined columns selected\n"
write game 700 of chunk  14
[1] "CAUGHT at 20112012 30186 : Error in `[.data.frame`(playbyplay, , cc): undefined columns selected\n"
[1] "CAUGHT at 20112012 30187 : Error in `[.data.frame`(playbyplay, , cc): undefined columns selected\n"
[1] "CAUGHT at 20052006 30186 : Error in `[.data.frame`(playbyplay, , cc): undefined columns selected\n"
[1] "CAUGHT at 20052006 30187 : Error in `[.data.frame`(playbyplay, , cc): undefined columns selected\n"
[1] "CAUGHT at 20082009 30157 : Error in `[.data.frame`(playbyplay, , cc): undefined columns selected\n"
[1] "CAUGHT at 20082009 30165 : Error in `[.data.frame`(playbyplay, , cc): undefined columns selected\n"
[1] "CAUGHT at 20082009 30166 : Error in `[.data.frame`(playbyplay, , cc): undefined columns selected\n"
[1] "CAUGHT at 20082009 30167 : Error in `[.data.frame`(playbyplay, , cc): undefined columns selected\n"
[1] "CAUGHT at 20122013 30175 : Error in `[.data.frame`(playbyplay, , cc): undefined columns selected\n"
[1] "CAUGHT at 20122013 30176 : Error in `[.data.frame`(playbyplay, , cc): undefined columns selected\n"
[1] "CAUGHT at 20122013 30177 : Error in `[.data.frame`(playbyplay, , cc): undefined columns selected\n"
[1] "CAUGHT at 20112012 30226 : Error in `[.data.frame`(playbyplay, , cc): undefined columns selected\n"
[1] "CAUGHT at 20112012 30227 : Error in `[.data.frame`(playbyplay, , cc): undefined columns selected\n"
[1] "CAUGHT at 20052006 30216 : Error in `[.data.frame`(playbyplay, , cc): undefined columns selected\n"
[1] "CAUGHT at 20052006 30217 : Error in `[.data.frame`(playbyplay, , cc): undefined columns selected\n"
[1] "CAUGHT at 20082009 30175 : Error in `[.data.frame`(playbyplay, , cc): undefined columns selected\n"
[1] "CAUGHT at 20082009 30176 : Error in `[.data.frame`(playbyplay, , cc): undefined columns selected\n"
[1] "CAUGHT at 20082009 30177 : Error in `[.data.frame`(playbyplay, , cc): undefined columns selected\n"
write game 700 of chunk  4
[1] "CAUGHT at 20112012 30235 : Error in `[.data.frame`(playbyplay, , cc): undefined columns selected\n"
[1] "CAUGHT at 20112012 30236 : Error in `[.data.frame`(playbyplay, , cc): undefined columns selected\n"
[1] "CAUGHT at 20112012 30237 : Error in `[.data.frame`(playbyplay, , cc): undefined columns selected\n"
[1] "CAUGHT at 20122013 30187 : Error in `[.data.frame`(playbyplay, , cc): undefined columns selected\n"
[1] "CAUGHT at 20052006 30226 : Error in `[.data.frame`(playbyplay, , cc): undefined columns selected\n"
[1] "CAUGHT at 20052006 30227 : Error in `[.data.frame`(playbyplay, , cc): undefined columns selected\n"
[1] "CAUGHT at 20082009 30187 : Error in `[.data.frame`(playbyplay, , cc): undefined columns selected\n"
 "CAUGHT at 20112012 30246 : Error in `[.data.frame`(playbyplay, , cc): undefined columns selected\n"
[1] "CAUGHT at 20112012 30247 : Error in `[.data.frame`(playbyplay, , cc): undefined columns selected\n"
[1] "CAUGHT at 20122013 30216 : Error in `[.data.frame`(playbyplay, , cc): undefined columns selected\n"
[1] "CAUGHT at 20122013 30217 : Error in `[.data.frame`(playbyplay, , cc): undefined columns selected\n"
write game 700 of chunk  8
[1] "CAUGHT at 20052006 30237 : Error in `[.data.frame`(playbyplay, , cc): undefined columns selected\n"
[1] "CAUGHT at 20112012 30317 : Error in `[.data.frame`(playbyplay, , cc): undefined columns selected\n"
write game 700 of chunk  12
write game 700 of chunk  13
[1] "CAUGHT at 20122013 30226 : Error in `[.data.frame`(playbyplay, , cc): undefined columns selected\n"
[1] "CAUGHT at 20122013 30227 : Error in `[.data.frame`(playbyplay, , cc): undefined columns selected\n"
[1] "CAUGHT at 20052006 30245 : Error in `[.data.frame`(playbyplay, , cc): undefined columns selected\n"
[1] "CAUGHT at 20052006 30246 : Error in `[.data.frame`(playbyplay, , cc): undefined columns selected\n"
[1] "CAUGHT at 20052006 30247 : Error in `[.data.frame`(playbyplay, , cc): undefined columns selected\n"
[1] "CAUGHT at 20112012 30326 : Error in `[.data.frame`(playbyplay, , cc): undefined columns selected\n"
[1] "CAUGHT at 20112012 30327 : Error in `[.data.frame`(playbyplay, , cc): undefined columns selected\n"
write game 700 of chunk  11
write game 700 of chunk  9
[1] "CAUGHT at 20112012 30417 : Error in `[.data.frame`(playbyplay, , cc): undefined columns selected\n"
write game 700 of chunk  10
[1] "CAUGHT at 20052006 30326 : Error in `[.data.frame`(playbyplay, , cc): undefined columns selected\n"
[1] "CAUGHT at 20052006 30327 : Error in `[.data.frame`(playbyplay, , cc): undefined columns selected\n"
[1] "CAUGHT at 20122013 30315 : Error in `[.data.frame`(playbyplay, , cc): undefined columns selected\n"
[1] "CAUGHT at 20122013 30316 : Error in `[.data.frame`(playbyplay, , cc): undefined columns selected\n"
[1] "CAUGHT at 20122013 30317 : Error in `[.data.frame`(playbyplay, , cc): undefined columns selected\n"
[1] "CAUGHT at 20082009 30247 : Error in `[.data.frame`(playbyplay, , cc): undefined columns selected\n"
[1] "CAUGHT at 20122013 30326 : Error in `[.data.frame`(playbyplay, , cc): undefined columns selected\n"
[1] "CAUGHT at 20122013 30327 : Error in `[.data.frame`(playbyplay, , cc): undefined columns selected\n"
[1] "CAUGHT at 20082009 30315 : Error in `[.data.frame`(playbyplay, , cc): undefined columns selected\n"
[1] "CAUGHT at 20082009 30316 : Error in `[.data.frame`(playbyplay, , cc): undefined columns selected\n"
[1] "CAUGHT at 20082009 30317 : Error in `[.data.frame`(playbyplay, , cc): undefined columns selected\n"
write game 700 of chunk  7
[1] "CAUGHT at 20122013 30414 : Error in `[.data.frame`(playbyplay, , cc): undefined columns selected\n"
[1] "CAUGHT at 20122013 30415 : Error in `[.data.frame`(playbyplay, , cc): undefined columns selected\n"
[1] "CAUGHT at 20122013 30416 : Error in `[.data.frame`(playbyplay, , cc): undefined columns selected\n"
[1] "CAUGHT at 20122013 30417 : Error in `[.data.frame`(playbyplay, , cc): undefined columns selected\n"
[1] "CAUGHT at 20082009 30326 : Error in `[.data.frame`(playbyplay, , cc): undefined columns selected\n"
[1] "CAUGHT at 20082009 30327 : Error in `[.data.frame`(playbyplay, , cc): undefined columns selected\n"
write game 700 of chunk  6
write game 700 of chunk  5
> warnings()
NULL
> 
> print(date())
[1] "Tue Jul  9 16:36:14 2013"
> 
> 
> 
> proc.time()
   user  system elapsed 
557.829  10.586 384.952 
