
R version 2.15.2 Patched (--) -- "Trick or Treat"
Copyright (C)  The R Foundation for Statistical Computing
ISBN 3-900051-07-0
Platform: x86_64-unknown-linux-gnu (64-bit)

R is free software and comes with ABSOLUTELY NO WARRANTY.
You are welcome to redistribute it under certain conditions.
Type 'license()' or 'licence()' for distribution details.

  Natural language support but running in an English locale

R is a collaborative project with many contributors.
Type 'contributors()' for more information and
'citation()' on how to cite R or R packages in publications.

Type 'demo()' for some demos, 'help()' for on-line help, or
'help.start()' for an HTML browser interface to help.
Type 'q()' to quit R.

> ##### Code to scrape from nhl.com
> ##### Relies on A.C. Thomas's nhlcrapr package
> 
> source("args.R")
> 
> ## does not pre-delete previous scrapes
> system(sprintf("mkdir -p %s",EXT))
> 
> ## you need to have installed...
> library(bitops, lib.loc=LIB)
> library(RCurl, lib.loc=LIB)
> library(rjson, lib.loc=LIB)
> library(nhlscrapr, lib.loc=LIB)
> library(doMC, lib.loc=LIB)
Loading required package: foreach
Loading required package: iterators
Loading required package: parallel
> sessionInfo()
R version 2.15.2 Patched (--)
Platform: x86_64-unknown-linux-gnu (64-bit)

locale:
 [1] LC_CTYPE=en_US.UTF-8       LC_NUMERIC=C              
 [3] LC_TIME=en_US.UTF-8        LC_COLLATE=en_US.UTF-8    
 [5] LC_MONETARY=en_US.UTF-8    LC_MESSAGES=en_US.UTF-8   
 [7] LC_PAPER=C                 LC_NAME=C                 
 [9] LC_ADDRESS=C               LC_TELEPHONE=C            
[11] LC_MEASUREMENT=en_US.UTF-8 LC_IDENTIFICATION=C       

attached base packages:
[1] parallel  stats     graphics  grDevices utils     datasets  methods  
[8] base     

other attached packages:
[1] doMC_1.3.0      iterators_1.0.6 foreach_1.4.0   nhlscrapr_1.0.1
[5] rjson_0.2.12    RCurl_1.95-4.1  bitops_1.0-5   

loaded via a namespace (and not attached):
[1] codetools_0.2-8
> 
> ## start cluster
> registerDoMC(NC)
> 
> allgames <- full.game.database()
> ## you can subset here to scrape fewer seasons
> games <- allgames[as.numeric(allgames$season)>=20022003,]
> 
> ## process games in parallel
> chunk <- ceiling( (0:NC)*(nrow(games)/NC) )
> print(chunk)
 [1]     0   803  1605  2408  3210  4013  4815  5618  6420  7223  8025  8828
[13]  9630 10433 11235 12038 12840
> mcproc <- foreach (k=1:NC) %dopar% {
+ 	G <- games[(chunk[k]+1):chunk[k+1],]
+ 	for(i in 1:nrow(G)){
+ 	    tryCatch(item <- process.single.game(G[i,1],G$gcode[i],EXT,save.to.file=TRUE),
+ 	    		  error = function(e) print(paste("CAUGHT at",G[i,1],G$gcode[i],":",e))) 
+ 	    if (i%%100 == 0) message(paste("proc game", i, "of chunk", k))
+ 	}
+ } 
Re-downloading single game files due to incompleteness in graphics files.
Downloading files for game 20022003 20001
trying URL 'http://www.nhl.com/scores/htmlreports/20022003/SCH20001.gif'
trying URL 'http://www.nhl.com/scores/htmlreports/20022003/SCV20001.gif'
[1] "CAUGHT at 20022003 20001 : Error in (nums[1] + 3):(nums[2] - 1): result would be too long a vector\n"
Re-downloading single game files due to incompleteness in graphics files.
Downloading files for game 20022003 20002
trying URL 'http://www.nhl.com/scores/htmlreports/20022003/SCH20002.gif'
trying URL 'http://www.nhl.com/scores/htmlreports/20022003/SCV20002.gif'
[1] "CAUGHT at 20022003 20002 : Error in (nums[1] + 3):(nums[2] - 1): result would be too long a vector\n"
Re-downloading single game files due to incompleteness in graphics files.
Downloading files for game 20022003 20003
trying URL 'http://www.nhl.com/scores/htmlreports/20022003/SCH20003.gif'
trying URL 'http://www.nhl.com/scores/htmlreports/20022003/SCV20003.gif'
[1] "CAUGHT at 20022003 20003 : Error in (nums[1] + 3):(nums[2] - 1): result would be too long a vector\n"
Re-downloading single game files due to incompleteness in graphics files.
Downloading files for game 20022003 20004
trying URL 'http://www.nhl.com/scores/htmlreports/20022003/SCH20004.gif'
trying URL 'http://www.nhl.com/scores/htmlreports/20022003/SCV20004.gif'
[1] "CAUGHT at 20022003 20004 : Error in (nums[1] + 3):(nums[2] - 1): result would be too long a vector\n"
Re-downloading single game files due to incompleteness in graphics files.
Downloading files for game 20022003 20005
trying URL 'http://www.nhl.com/scores/htmlreports/20022003/SCH20005.gif'
trying URL 'http://www.nhl.com/scores/htmlreports/20022003/SCV20005.gif'
[1] "CAUGHT at 20022003 20005 : Error in (nums[1] + 3):(nums[2] - 1): result would be too long a vector\n"
Re-downloading single game files due to incompleteness in graphics files.
Downloading files for game 20022003 20006
trying URL 'http://www.nhl.com/scores/htmlreports/20022003/SCH20006.gif'
trying URL 'http://www.nhl.com/scores/htmlreports/20022003/SCV20006.gif'
[1] "CAUGHT at 20022003 20006 : Error in (nums[1] + 3):(nums[2] - 1): result would be too long a vector\n"
Re-downloading single game files due to incompleteness in graphics files.
Downloading files for game 20022003 20007
trying URL 'http://www.nhl.com/scores/htmlreports/20022003/SCH20007.gif'
trying URL 'http://www.nhl.com/scores/htmlreports/20022003/SCV20007.gif'
[1] "CAUGHT at 20022003 20007 : Error in (nums[1] + 3):(nums[2] - 1): result would be too long a vector\n"
Re-downloading single game files due to incompleteness in graphics files.
Downloading files for game 20022003 20008
trying URL 'http://www.nhl.com/scores/htmlreports/20022003/SCH20008.gif'
trying URL 'http://www.nhl.com/scores/htmlreports/20022003/SCV20008.gif'
[1] "CAUGHT at 20022003 20008 : Error in (nums[1] + 3):(nums[2] - 1): result would be too long a vector\n"
Re-downloading single game files due to incompleteness in graphics files.
Downloading files for game 20022003 20009
trying URL 'http://www.nhl.com/scores/htmlreports/20022003/SCH20009.gif'
trying URL 'http://www.nhl.com/scores/htmlreports/20022003/SCV20009.gif'
[1] "CAUGHT at 20022003 20009 : Error in (nums[1] + 3):(nums[2] - 1): result would be too long a vector\n"
Re-downloading single game files due to incompleteness in graphics files.
Downloading files for game 20022003 20010
trying URL 'http://www.nhl.com/scores/htmlreports/20022003/SCH20010.gif'
trying URL 'http://www.nhl.com/scores/htmlreports/20022003/SCV20010.gif'
[1] "CAUGHT at 20022003 20010 : Error in (nums[1] + 3):(nums[2] - 1): result would be too long a vector\n"
Re-downloading single game files due to incompleteness in graphics files.
Downloading files for game 20022003 20011
trying URL 'http://www.nhl.com/scores/htmlreports/20022003/SCH20011.gif'
trying URL 'http://www.nhl.com/scores/htmlreports/20022003/SCV20011.gif'
[1] "CAUGHT at 20022003 20011 : Error in (nums[1] + 3):(nums[2] - 1): result would be too long a vector\n"
Re-downloading single game files due to incompleteness in graphics files.
Downloading files for game 20022003 20012
trying URL 'http://www.nhl.com/scores/htmlreports/20022003/SCH20012.gif'
trying URL 'http://www.nhl.com/scores/htmlreports/20022003/SCV20012.gif'
[1] "CAUGHT at 20022003 20012 : Error in (nums[1] + 3):(nums[2] - 1): result would be too long a vector\n"
Re-downloading single game files due to incompleteness in graphics files.
Downloading files for game 20022003 20013
trying URL 'http://www.nhl.com/scores/htmlreports/20022003/SCH20013.gif'
trying URL 'http://www.nhl.com/scores/htmlreports/20022003/SCV20013.gif'
[1] "CAUGHT at 20022003 20013 : Error in (nums[1] + 3):(nums[2] - 1): result would be too long a vector\n"
Re-downloading single game files due to incompleteness in graphics files.
Downloading files for game 20022003 20014
trying URL 'http://www.nhl.com/scores/htmlreports/20022003/SCH20014.gif'
trying URL 'http://www.nhl.com/scores/htmlreports/20022003/SCV20014.gif'
[1] "CAUGHT at 20022003 20014 : Error in (nums[1] + 3):(nums[2] - 1): result would be too long a vector\n"
Re-downloading single game files due to incompleteness in graphics files.
Downloading files for game 20022003 20015
Re-downloading single game files due to incompleteness in graphics files.
Downloading files for game 20022003 20815
trying URL 'http://www.nhl.com/scores/htmlreports/20022003/SCH20015.gif'
trying URL 'http://www.nhl.com/scores/htmlreports/20022003/SCV20015.gif'
[1] "CAUGHT at 20022003 20015 : Error in (nums[1] + 3):(nums[2] - 1): result would be too long a vector\n"
Re-downloading single game files due to incompleteness in graphics files.
Downloading files for game 20022003 20016
trying URL 'http://www.nhl.com/scores/htmlreports/20022003/SCH20016.gif'
trying URL 'http://www.nhl.com/scores/htmlreports/20022003/SCV20016.gif'
[1] "CAUGHT at 20022003 20016 : Error in (nums[1] + 3):(nums[2] - 1): result would be too long a vector\n"
Re-downloading single game files due to incompleteness in graphics files.
Downloading files for game 20022003 20017
trying URL 'http://www.nhl.com/scores/htmlreports/20022003/SCH20017.gif'
trying URL 'http://www.nhl.com/scores/htmlreports/20022003/SCV20017.gif'
[1] "CAUGHT at 20022003 20017 : Error in (nums[1] + 3):(nums[2] - 1): result would be too long a vector\n"
Re-downloading single game files due to incompleteness in graphics files.
Downloading files for game 20022003 20018
trying URL 'http://www.nhl.com/scores/htmlreports/20022003/SCH20018.gif'
trying URL 'http://www.nhl.com/scores/htmlreports/20022003/SCV20018.gif'
[1] "CAUGHT at 20022003 20018 : Error in (nums[1] + 3):(nums[2] - 1): result would be too long a vector\n"
Re-downloading single game files due to incompleteness in graphics files.
Downloading files for game 20022003 20019
trying URL 'http://www.nhl.com/scores/htmlreports/20022003/SCH20019.gif'
trying URL 'http://www.nhl.com/scores/htmlreports/20022003/SCV20019.gif'
[1] "CAUGHT at 20022003 20019 : Error in (nums[1] + 3):(nums[2] - 1): result would be too long a vector\n"
Re-downloading single game files due to incompleteness in graphics files.
Downloading files for game 20022003 20020
trying URL 'http://www.nhl.com/scores/htmlreports/20022003/SCH20020.gif'
trying URL 'http://www.nhl.com/scores/htmlreports/20022003/SCV20020.gif'
[1] "CAUGHT at 20022003 20020 : Error in (nums[1] + 3):(nums[2] - 1): result would be too long a vector\n"
Re-downloading single game files due to incompleteness in graphics files.
Downloading files for game 20022003 20021
trying URL 'http://www.nhl.com/scores/htmlreports/20022003/SCH20021.gif'
trying URL 'http://www.nhl.com/scores/htmlreports/20022003/SCV20021.gif'
[1] "CAUGHT at 20022003 20021 : Error in (nums[1] + 3):(nums[2] - 1): result would be too long a vector\n"
Re-downloading single game files due to incompleteness in graphics files.
Downloading files for game 20022003 20022
trying URL 'http://www.nhl.com/scores/htmlreports/20022003/SCH20022.gif'
trying URL 'http://www.nhl.com/scores/htmlreports/20022003/SCV20022.gif'
[1] "CAUGHT at 20022003 20022 : Error in (nums[1] + 3):(nums[2] - 1): result would be too long a vector\n"
Re-downloading single game files due to incompleteness in graphics files.
Downloading files for game 20022003 20023
trying URL 'http://www.nhl.com/scores/htmlreports/20022003/SCH20023.gif'
trying URL 'http://www.nhl.com/scores/htmlreports/20022003/SCV20023.gif'
[1] "CAUGHT at 20022003 20023 : Error in (nums[1] + 3):(nums[2] - 1): result would be too long a vector\n"
Re-downloading single game files due to incompleteness in graphics files.
Downloading files for game 20022003 20024
trying URL 'http://www.nhl.com/scores/htmlreports/20022003/SCH20024.gif'
trying URL 'http://www.nhl.com/scores/htmlreports/20022003/SCV20024.gif'
[1] "CAUGHT at 20022003 20024 : Error in (nums[1] + 3):(nums[2] - 1): result would be too long a vector\n"
Re-downloading single game files due to incompleteness in graphics files.
Downloading files for game 20022003 20025
trying URL 'http://www.nhl.com/scores/htmlreports/20022003/SCH20025.gif'
trying URL 'http://www.nhl.com/scores/htmlreports/20022003/SCV20025.gif'
[1] "CAUGHT at 20022003 20025 : Error in (nums[1] + 3):(nums[2] - 1): result would be too long a vector\n"
Re-downloading single game files due to incompleteness in graphics files.
Downloading files for game 20022003 20026
trying URL 'http://www.nhl.com/scores/htmlreports/20022003/SCH20026.gif'
trying URL 'http://www.nhl.com/scores/htmlreports/20022003/SCV20026.gif'
[1] "CAUGHT at 20022003 20026 : Error in (nums[1] + 3):(nums[2] - 1): result would be too long a vector\n"
Re-downloading single game files due to incompleteness in graphics files.
Downloading files for game 20022003 20027
trying URL 'http://www.nhl.com/scores/htmlreports/20022003/SCH20027.gif'
trying URL 'http://www.nhl.com/scores/htmlreports/20022003/SCV20027.gif'
[1] "CAUGHT at 20022003 20027 : Error in (nums[1] + 3):(nums[2] - 1): result would be too long a vector\n"
Re-downloading single game files due to incompleteness in graphics files.
Downloading files for game 20022003 20028
trying URL 'http://www.nhl.com/scores/htmlreports/20022003/SCH20028.gif'
trying URL 'http://www.nhl.com/scores/htmlreports/20022003/SCV20028.gif'
[1] "CAUGHT at 20022003 20028 : Error in (nums[1] + 3):(nums[2] - 1): result would be too long a vector\n"
Re-downloading single game files due to incompleteness in graphics files.
Downloading files for game 20022003 20029
trying URL 'http://www.nhl.com/scores/htmlreports/20022003/SCH20029.gif'
trying URL 'http://www.nhl.com/scores/htmlreports/20022003/SCV20029.gif'
[1] "CAUGHT at 20022003 20029 : Error in (nums[1] + 3):(nums[2] - 1): result would be too long a vector\n"
Re-downloading single game files due to incompleteness in graphics files.
Downloading files for game 20022003 20030
trying URL 'http://www.nhl.com/scores/htmlreports/20022003/SCH20030.gif'
trying URL 'http://www.nhl.com/scores/htmlreports/20022003/SCV20030.gif'
[1] "CAUGHT at 20022003 20030 : Error in (nums[1] + 3):(nums[2] - 1): result would be too long a vector\n"
Re-downloading single game files due to incompleteness in graphics files.
Downloading files for game 20022003 20031
trying URL 'http://www.nhl.com/scores/htmlreports/20022003/SCH20031.gif'
trying URL 'http://www.nhl.com/scores/htmlreports/20022003/SCV20031.gif'
[1] "CAUGHT at 20022003 20031 : Error in (nums[1] + 3):(nums[2] - 1): result would be too long a vector\n"
Re-downloading single game files due to incompleteness in graphics files.
Downloading files for game 20022003 20032
trying URL 'http://www.nhl.com/scores/htmlreports/20022003/SCH20032.gif'
trying URL 'http://www.nhl.com/scores/htmlreports/20022003/SCV20032.gif'
[1] "CAUGHT at 20022003 20032 : Error in (nums[1] + 3):(nums[2] - 1): result would be too long a vector\n"
Re-downloading single game files due to incompleteness in graphics files.
Downloading files for game 20022003 20033
trying URL 'http://www.nhl.com/scores/htmlreports/20022003/SCH20033.gif'
trying URL 'http://www.nhl.com/scores/htmlreports/20022003/SCV20033.gif'
[1] "CAUGHT at 20022003 20033 : Error in (nums[1] + 3):(nums[2] - 1): result would be too long a vector\n"
Re-downloading single game files due to incompleteness in graphics files.
Downloading files for game 20022003 20034
trying URL 'http://www.nhl.com/scores/htmlreports/20022003/SCH20034.gif'
trying URL 'http://www.nhl.com/scores/htmlreports/20022003/SCV20034.gif'
[1] "CAUGHT at 20022003 20034 : Error in (nums[1] + 3):(nums[2] - 1): result would be too long a vector\n"
Re-downloading single game files due to incompleteness in graphics files.
Downloading files for game 20022003 20035
trying URL 'http://www.nhl.com/scores/htmlreports/20022003/SCH20035.gif'
trying URL 'http://www.nhl.com/scores/htmlreports/20022003/SCV20035.gif'
[1] "CAUGHT at 20022003 20035 : Error in (nums[1] + 3):(nums[2] - 1): result would be too long a vector\n"
Re-downloading single game files due to incompleteness in graphics files.
Downloading files for game 20022003 20036
trying URL 'http://www.nhl.com/scores/htmlreports/20022003/SCH20036.gif'
trying URL 'http://www.nhl.com/scores/htmlreports/20022003/SCV20036.gif'
[1] "CAUGHT at 20022003 20036 : Error in (nums[1] + 3):(nums[2] - 1): result would be too long a vector\n"
Re-downloading single game files due to incompleteness in graphics files.
Downloading files for game 20022003 20037
trying URL 'http://www.nhl.com/scores/htmlreports/20022003/SCH20037.gif'
trying URL 'http://www.nhl.com/scores/htmlreports/20022003/SCV20037.gif'
[1] "CAUGHT at 20022003 20037 : Error in (nums[1] + 3):(nums[2] - 1): result would be too long a vector\n"
Re-downloading single game files due to incompleteness in graphics files.
Downloading files for game 20022003 20038
trying URL 'http://www.nhl.com/scores/htmlreports/20022003/SCH20038.gif'
trying URL 'http://www.nhl.com/scores/htmlreports/20022003/SCV20038.gif'
[1] "CAUGHT at 20022003 20038 : Error in (nums[1] + 3):(nums[2] - 1): result would be too long a vector\n"
Re-downloading single game files due to incompleteness in graphics files.
Downloading files for game 20022003 20039
trying URL 'http://www.nhl.com/scores/htmlreports/20022003/SCH20039.gif'
trying URL 'http://www.nhl.com/scores/htmlreports/20022003/SCV20039.gif'
[1] "CAUGHT at 20022003 20039 : Error in (nums[1] + 3):(nums[2] - 1): result would be too long a vector\n"
Re-downloading single game files due to incompleteness in graphics files.
Downloading files for game 20022003 20040
trying URL 'http://www.nhl.com/scores/htmlreports/20022003/SCH20040.gif'
trying URL 'http://www.nhl.com/scores/htmlreports/20022003/SCV20040.gif'
[1] "CAUGHT at 20022003 20040 : Error in (nums[1] + 3):(nums[2] - 1): result would be too long a vector\n"
Re-downloading single game files due to incompleteness in graphics files.
Downloading files for game 20022003 20041
trying URL 'http://www.nhl.com/scores/htmlreports/20022003/SCH20041.gif'
trying URL 'http://www.nhl.com/scores/htmlreports/20022003/SCV20041.gif'
[1] "CAUGHT at 20022003 20041 : Error in (nums[1] + 3):(nums[2] - 1): result would be too long a vector\n"
Re-downloading single game files due to incompleteness in graphics files.
Downloading files for game 20022003 20042
trying URL 'http://www.nhl.com/scores/htmlreports/20022003/SCH20042.gif'
trying URL 'http://www.nhl.com/scores/htmlreports/20022003/SCV20042.gif'
[1] "CAUGHT at 20022003 20042 : Error in (nums[1] + 3):(nums[2] - 1): result would be too long a vector\n"
Re-downloading single game files due to incompleteness in graphics files.
Downloading files for game 20022003 20043
trying URL 'http://www.nhl.com/scores/htmlreports/20022003/SCH20043.gif'
trying URL 'http://www.nhl.com/scores/htmlreports/20022003/SCV20043.gif'
[1] "CAUGHT at 20022003 20043 : Error in (nums[1] + 3):(nums[2] - 1): result would be too long a vector\n"
Re-downloading single game files due to incompleteness in graphics files.
Downloading files for game 20022003 20044
trying URL 'http://www.nhl.com/scores/htmlreports/20022003/SCH20044.gif'
trying URL 'http://www.nhl.com/scores/htmlreports/20022003/SCV20044.gif'
[1] "CAUGHT at 20022003 20044 : Error in (nums[1] + 3):(nums[2] - 1): result would be too long a vector\n"
Re-downloading single game files due to incompleteness in graphics files.
Downloading files for game 20022003 20045
trying URL 'http://www.nhl.com/scores/htmlreports/20022003/SCH20045.gif'
trying URL 'http://www.nhl.com/scores/htmlreports/20022003/SCV20045.gif'
[1] "CAUGHT at 20022003 20045 : Error in (nums[1] + 3):(nums[2] - 1): result would be too long a vector\n"
Re-downloading single game files due to incompleteness in graphics files.
Downloading files for game 20022003 20046
trying URL 'http://www.nhl.com/scores/htmlreports/20022003/SCH20046.gif'
trying URL 'http://www.nhl.com/scores/htmlreports/20022003/SCV20046.gif'
[1] "CAUGHT at 20022003 20046 : Error in (nums[1] + 3):(nums[2] - 1): result would be too long a vector\n"
Re-downloading single game files due to incompleteness in graphics files.
Downloading files for game 20022003 20047
trying URL 'http://www.nhl.com/scores/htmlreports/20022003/SCH20047.gif'
trying URL 'http://www.nhl.com/scores/htmlreports/20022003/SCV20047.gif'
[1] "CAUGHT at 20022003 20047 : Error in (nums[1] + 3):(nums[2] - 1): result would be too long a vector\n"
Re-downloading single game files due to incompleteness in graphics files.
Downloading files for game 20022003 20048
trying URL 'http://www.nhl.com/scores/htmlreports/20022003/SCH20048.gif'
trying URL 'http://www.nhl.com/scores/htmlreports/20022003/SCV20048.gif'
[1] "CAUGHT at 20022003 20048 : Error in (nums[1] + 3):(nums[2] - 1): result would be too long a vector\n"
Re-downloading single game files due to incompleteness in graphics files.
Downloading files for game 20022003 20049
trying URL 'http://www.nhl.com/scores/htmlreports/20022003/SCH20049.gif'
trying URL 'http://www.nhl.com/scores/htmlreports/20022003/SCV20049.gif'
[1] "CAUGHT at 20022003 20049 : Error in (nums[1] + 3):(nums[2] - 1): result would be too long a vector\n"
Re-downloading single game files due to incompleteness in graphics files.
Downloading files for game 20022003 20050
trying URL 'http://www.nhl.com/scores/htmlreports/20022003/SCH20050.gif'
trying URL 'http://www.nhl.com/scores/htmlreports/20022003/SCV20050.gif'
[1] "CAUGHT at 20022003 20050 : Error in (nums[1] + 3):(nums[2] - 1): result would be too long a vector\n"
Re-downloading single game files due to incompleteness in graphics files.
Downloading files for game 20022003 20051
trying URL 'http://www.nhl.com/scores/htmlreports/20022003/SCH20051.gif'
trying URL 'http://www.nhl.com/scores/htmlreports/20022003/SCV20051.gif'
[1] "CAUGHT at 20022003 20051 : Error in (nums[1] + 3):(nums[2] - 1): result would be too long a vector\n"
Re-downloading single game files due to incompleteness in graphics files.
Downloading files for game 20022003 20052
trying URL 'http://www.nhl.com/scores/htmlreports/20022003/SCH20052.gif'
trying URL 'http://www.nhl.com/scores/htmlreports/20022003/SCV20052.gif'
[1] "CAUGHT at 20022003 20052 : Error in (nums[1] + 3):(nums[2] - 1): result would be too long a vector\n"
Re-downloading single game files due to incompleteness in graphics files.
Downloading files for game 20022003 20053
trying URL 'http://www.nhl.com/scores/htmlreports/20022003/SCH20053.gif'
trying URL 'http://www.nhl.com/scores/htmlreports/20022003/SCV20053.gif'
[1] "CAUGHT at 20022003 20053 : Error in (nums[1] + 3):(nums[2] - 1): result would be too long a vector\n"
Re-downloading single game files due to incompleteness in graphics files.
Downloading files for game 20022003 20054
trying URL 'http://www.nhl.com/scores/htmlreports/20022003/SCH20054.gif'
trying URL 'http://www.nhl.com/scores/htmlreports/20022003/SCV20054.gif'
[1] "CAUGHT at 20022003 20054 : Error in (nums[1] + 3):(nums[2] - 1): result would be too long a vector\n"
Re-downloading single game files due to incompleteness in graphics files.
Downloading files for game 20022003 20055
trying URL 'http://www.nhl.com/scores/htmlreports/20022003/SCH20055.gif'
trying URL 'http://www.nhl.com/scores/htmlreports/20022003/SCV20055.gif'
[1] "CAUGHT at 20022003 20055 : Error in (nums[1] + 3):(nums[2] - 1): result would be too long a vector\n"
Re-downloading single game files due to incompleteness in graphics files.
Downloading files for game 20022003 20056
trying URL 'http://www.nhl.com/scores/htmlreports/20022003/SCH20056.gif'
trying URL 'http://www.nhl.com/scores/htmlreports/20022003/SCV20056.gif'
[1] "CAUGHT at 20022003 20056 : Error in (nums[1] + 3):(nums[2] - 1): result would be too long a vector\n"
Re-downloading single game files due to incompleteness in graphics files.
Downloading files for game 20022003 20057
trying URL 'http://www.nhl.com/scores/htmlreports/20022003/SCH20057.gif'
trying URL 'http://www.nhl.com/scores/htmlreports/20022003/SCV20057.gif'
[1] "CAUGHT at 20022003 20057 : Error in (nums[1] + 3):(nums[2] - 1): result would be too long a vector\n"
Re-downloading single game files due to incompleteness in graphics files.
Downloading files for game 20022003 20058
trying URL 'http://www.nhl.com/scores/htmlreports/20022003/SCH20058.gif'
trying URL 'http://www.nhl.com/scores/htmlreports/20022003/SCV20058.gif'
[1] "CAUGHT at 20022003 20058 : Error in (nums[1] + 3):(nums[2] - 1): result would be too long a vector\n"
Re-downloading single game files due to incompleteness in graphics files.
Downloading files for game 20022003 20059
trying URL 'http://www.nhl.com/scores/htmlreports/20022003/SCH20059.gif'
trying URL 'http://www.nhl.com/scores/htmlreports/20022003/SCV20059.gif'
[1] "CAUGHT at 20022003 20059 : Error in (nums[1] + 3):(nums[2] - 1): result would be too long a vector\n"
Re-downloading single game files due to incompleteness in graphics files.
Downloading files for game 20022003 20060
trying URL 'http://www.nhl.com/scores/htmlreports/20022003/SCH20060.gif'
trying URL 'http://www.nhl.com/scores/htmlreports/20022003/SCV20060.gif'
[1] "CAUGHT at 20022003 20060 : Error in (nums[1] + 3):(nums[2] - 1): result would be too long a vector\n"
Re-downloading single game files due to incompleteness in graphics files.
Downloading files for game 20022003 20061
trying URL 'http://www.nhl.com/scores/htmlreports/20022003/SCH20061.gif'
trying URL 'http://www.nhl.com/scores/htmlreports/20022003/SCV20061.gif'
[1] "CAUGHT at 20022003 20061 : Error in (nums[1] + 3):(nums[2] - 1): result would be too long a vector\n"
Re-downloading single game files due to incompleteness in graphics files.
Downloading files for game 20022003 20062
trying URL 'http://www.nhl.com/scores/htmlreports/20022003/SCH20062.gif'
trying URL 'http://www.nhl.com/scores/htmlreports/20022003/SCV20062.gif'
[1] "CAUGHT at 20022003 20062 : Error in (nums[1] + 3):(nums[2] - 1): result would be too long a vector\n"
Re-downloading single game files due to incompleteness in graphics files.
Downloading files for game 20022003 20063
trying URL 'http://www.nhl.com/scores/htmlreports/20022003/SCH20063.gif'
trying URL 'http://www.nhl.com/scores/htmlreports/20022003/SCV20063.gif'
[1] "CAUGHT at 20022003 20063 : Error in (nums[1] + 3):(nums[2] - 1): result would be too long a vector\n"
Re-downloading single game files due to incompleteness in graphics files.
Downloading files for game 20022003 20064
trying URL 'http://www.nhl.com/scores/htmlreports/20022003/SCH20064.gif'
trying URL 'http://www.nhl.com/scores/htmlreports/20022003/SCV20064.gif'
[1] "CAUGHT at 20022003 20064 : Error in (nums[1] + 3):(nums[2] - 1): result would be too long a vector\n"
Re-downloading single game files due to incompleteness in graphics files.
Downloading files for game 20022003 20065
trying URL 'http://www.nhl.com/scores/htmlreports/20022003/SCH20065.gif'
trying URL 'http://www.nhl.com/scores/htmlreports/20022003/SCV20065.gif'
[1] "CAUGHT at 20022003 20065 : Error in (nums[1] + 3):(nums[2] - 1): result would be too long a vector\n"
Re-downloading single game files due to incompleteness in graphics files.
Downloading files for game 20022003 20066
trying URL 'http://www.nhl.com/scores/htmlreports/20022003/SCH20066.gif'
trying URL 'http://www.nhl.com/scores/htmlreports/20022003/SCV20066.gif'
[1] "CAUGHT at 20022003 20066 : Error in (nums[1] + 3):(nums[2] - 1): result would be too long a vector\n"
Re-downloading single game files due to incompleteness in graphics files.
Downloading files for game 20022003 20067
trying URL 'http://www.nhl.com/scores/htmlreports/20022003/SCH20067.gif'
trying URL 'http://www.nhl.com/scores/htmlreports/20022003/SCV20067.gif'
[1] "CAUGHT at 20022003 20067 : Error in (nums[1] + 3):(nums[2] - 1): result would be too long a vector\n"
Re-downloading single game files due to incompleteness in graphics files.
Downloading files for game 20022003 20068
trying URL 'http://www.nhl.com/scores/htmlreports/20022003/SCH20068.gif'
trying URL 'http://www.nhl.com/scores/htmlreports/20022003/SCV20068.gif'
[1] "CAUGHT at 20022003 20068 : Error in (nums[1] + 3):(nums[2] - 1): result would be too long a vector\n"
Re-downloading single game files due to incompleteness in graphics files.
Downloading files for game 20022003 20069
trying URL 'http://www.nhl.com/scores/htmlreports/20022003/SCH20069.gif'
trying URL 'http://www.nhl.com/scores/htmlreports/20022003/SCV20069.gif'
[1] "CAUGHT at 20022003 20069 : Error in (nums[1] + 3):(nums[2] - 1): result would be too long a vector\n"
Re-downloading single game files due to incompleteness in graphics files.
Downloading files for game 20022003 20070
trying URL 'http://www.nhl.com/scores/htmlreports/20022003/SCH20070.gif'
trying URL 'http://www.nhl.com/scores/htmlreports/20022003/SCV20070.gif'
[1] "CAUGHT at 20022003 20070 : Error in (nums[1] + 3):(nums[2] - 1): result would be too long a vector\n"
Re-downloading single game files due to incompleteness in graphics files.
Downloading files for game 20022003 20071
trying URL 'http://www.nhl.com/scores/htmlreports/20022003/SCH20071.gif'
trying URL 'http://www.nhl.com/scores/htmlreports/20022003/SCV20071.gif'
[1] "CAUGHT at 20022003 20071 : Error in (nums[1] + 3):(nums[2] - 1): result would be too long a vector\n"
Re-downloading single game files due to incompleteness in graphics files.
Downloading files for game 20022003 20072
trying URL 'http://www.nhl.com/scores/htmlreports/20022003/SCH20072.gif'
trying URL 'http://www.nhl.com/scores/htmlreports/20022003/SCV20072.gif'
[1] "CAUGHT at 20022003 20072 : Error in (nums[1] + 3):(nums[2] - 1): result would be too long a vector\n"
Re-downloading single game files due to incompleteness in graphics files.
Downloading files for game 20022003 20073
trying URL 'http://www.nhl.com/scores/htmlreports/20022003/SCH20073.gif'
trying URL 'http://www.nhl.com/scores/htmlreports/20022003/SCV20073.gif'
[1] "CAUGHT at 20022003 20073 : Error in (nums[1] + 3):(nums[2] - 1): result would be too long a vector\n"
Re-downloading single game files due to incompleteness in graphics files.
Downloading files for game 20022003 20074
trying URL 'http://www.nhl.com/scores/htmlreports/20022003/SCH20074.gif'
trying URL 'http://www.nhl.com/scores/htmlreports/20022003/SCV20074.gif'
[1] "CAUGHT at 20022003 20074 : Error in (nums[1] + 3):(nums[2] - 1): result would be too long a vector\n"
Re-downloading single game files due to incompleteness in graphics files.
Downloading files for game 20022003 20075
trying URL 'http://www.nhl.com/scores/htmlreports/20022003/SCH20075.gif'
trying URL 'http://www.nhl.com/scores/htmlreports/20022003/SCV20075.gif'
[1] "CAUGHT at 20022003 20075 : Error in (nums[1] + 3):(nums[2] - 1): result would be too long a vector\n"
Re-downloading single game files due to incompleteness in graphics files.
Downloading files for game 20022003 20076
trying URL 'http://www.nhl.com/scores/htmlreports/20022003/SCH20076.gif'
trying URL 'http://www.nhl.com/scores/htmlreports/20022003/SCV20076.gif'
[1] "CAUGHT at 20022003 20076 : Error in (nums[1] + 3):(nums[2] - 1): result would be too long a vector\n"
Re-downloading single game files due to incompleteness in graphics files.
Downloading files for game 20022003 20077
trying URL 'http://www.nhl.com/scores/htmlreports/20022003/SCH20077.gif'
trying URL 'http://www.nhl.com/scores/htmlreports/20022003/SCV20077.gif'
[1] "CAUGHT at 20022003 20077 : Error in (nums[1] + 3):(nums[2] - 1): result would be too long a vector\n"
Re-downloading single game files due to incompleteness in graphics files.
Downloading files for game 20022003 20078
trying URL 'http://www.nhl.com/scores/htmlreports/20022003/SCH20078.gif'
trying URL 'http://www.nhl.com/scores/htmlreports/20022003/SCV20078.gif'
[1] "CAUGHT at 20022003 20078 : Error in (nums[1] + 3):(nums[2] - 1): result would be too long a vector\n"
Re-downloading single game files due to incompleteness in graphics files.
Downloading files for game 20022003 20079
trying URL 'http://www.nhl.com/scores/htmlreports/20022003/SCH20079.gif'
trying URL 'http://www.nhl.com/scores/htmlreports/20022003/SCV20079.gif'
[1] "CAUGHT at 20022003 20079 : Error in (nums[1] + 3):(nums[2] - 1): result would be too long a vector\n"
Re-downloading single game files due to incompleteness in graphics files.
Downloading files for game 20022003 20080
trying URL 'http://www.nhl.com/scores/htmlreports/20022003/SCH20080.gif'
trying URL 'http://www.nhl.com/scores/htmlreports/20022003/SCV20080.gif'
[1] "CAUGHT at 20022003 20080 : Error in (nums[1] + 3):(nums[2] - 1): result would be too long a vector\n"
Re-downloading single game files due to incompleteness in graphics files.
Downloading files for game 20022003 20081
trying URL 'http://www.nhl.com/scores/htmlreports/20022003/SCH20081.gif'
trying URL 'http://www.nhl.com/scores/htmlreports/20022003/SCV20081.gif'
[1] "CAUGHT at 20022003 20081 : Error in (nums[1] + 3):(nums[2] - 1): result would be too long a vector\n"
Re-downloading single game files due to incompleteness in graphics files.
Downloading files for game 20022003 20082
trying URL 'http://www.nhl.com/scores/htmlreports/20022003/SCH20082.gif'
trying URL 'http://www.nhl.com/scores/htmlreports/20022003/SCV20082.gif'
[1] "CAUGHT at 20022003 20082 : Error in (nums[1] + 3):(nums[2] - 1): result would be too long a vector\n"
Re-downloading single game files due to incompleteness in graphics files.
Downloading files for game 20022003 20083
trying URL 'http://www.nhl.com/scores/htmlreports/20022003/SCH20083.gif'
trying URL 'http://www.nhl.com/scores/htmlreports/20022003/SCV20083.gif'
[1] "CAUGHT at 20022003 20083 : Error in (nums[1] + 3):(nums[2] - 1): result would be too long a vector\n"
Re-downloading single game files due to incompleteness in graphics files.
Downloading files for game 20022003 20084
trying URL 'http://www.nhl.com/scores/htmlreports/20022003/SCH20084.gif'
trying URL 'http://www.nhl.com/scores/htmlreports/20022003/SCV20084.gif'
[1] "CAUGHT at 20022003 20084 : Error in (nums[1] + 3):(nums[2] - 1): result would be too long a vector\n"
Re-downloading single game files due to incompleteness in graphics files.
Downloading files for game 20022003 20085
trying URL 'http://www.nhl.com/scores/htmlreports/20022003/SCH20085.gif'
trying URL 'http://www.nhl.com/scores/htmlreports/20022003/SCV20085.gif'
[1] "CAUGHT at 20022003 20085 : Error in (nums[1] + 3):(nums[2] - 1): result would be too long a vector\n"
Re-downloading single game files due to incompleteness in graphics files.
Downloading files for game 20022003 20086
trying URL 'http://www.nhl.com/scores/htmlreports/20022003/SCH20086.gif'
trying URL 'http://www.nhl.com/scores/htmlreports/20022003/SCV20086.gif'
[1] "CAUGHT at 20022003 20086 : Error in (nums[1] + 3):(nums[2] - 1): result would be too long a vector\n"
Re-downloading single game files due to incompleteness in graphics files.
Downloading files for game 20022003 20087
trying URL 'http://www.nhl.com/scores/htmlreports/20022003/SCH20087.gif'
trying URL 'http://www.nhl.com/scores/htmlreports/20022003/SCV20087.gif'
[1] "CAUGHT at 20022003 20087 : Error in (nums[1] + 3):(nums[2] - 1): result would be too long a vector\n"
Re-downloading single game files due to incompleteness in graphics files.
Downloading files for game 20022003 20088
trying URL 'http://www.nhl.com/scores/htmlreports/20022003/SCH20088.gif'
trying URL 'http://www.nhl.com/scores/htmlreports/20022003/SCV20088.gif'
[1] "CAUGHT at 20022003 20088 : Error in (nums[1] + 3):(nums[2] - 1): result would be too long a vector\n"
Re-downloading single game files due to incompleteness in graphics files.
Downloading files for game 20022003 20089
trying URL 'http://www.nhl.com/scores/htmlreports/20022003/SCH20089.gif'
trying URL 'http://www.nhl.com/scores/htmlreports/20022003/SCV20089.gif'
[1] "CAUGHT at 20022003 20089 : Error in (nums[1] + 3):(nums[2] - 1): result would be too long a vector\n"
Re-downloading single game files due to incompleteness in graphics files.
Downloading files for game 20022003 20090
trying URL 'http://www.nhl.com/scores/htmlreports/20022003/SCH20090.gif'
trying URL 'http://www.nhl.com/scores/htmlreports/20022003/SCV20090.gif'
[1] "CAUGHT at 20022003 20090 : Error in (nums[1] + 3):(nums[2] - 1): result would be too long a vector\n"
Re-downloading single game files due to incompleteness in graphics files.
Downloading files for game 20022003 20091
trying URL 'http://www.nhl.com/scores/htmlreports/20022003/SCH20091.gif'
trying URL 'http://www.nhl.com/scores/htmlreports/20022003/SCV20091.gif'
[1] "CAUGHT at 20022003 20091 : Error in (nums[1] + 3):(nums[2] - 1): result would be too long a vector\n"
Re-downloading single game files due to incompleteness in graphics files.
Downloading files for game 20022003 20092
trying URL 'http://www.nhl.com/scores/htmlreports/20022003/SCH20092.gif'
trying URL 'http://www.nhl.com/scores/htmlreports/20022003/SCV20092.gif'
[1] "CAUGHT at 20022003 20092 : Error in (nums[1] + 3):(nums[2] - 1): result would be too long a vector\n"
Re-downloading single game files due to incompleteness in graphics files.
Downloading files for game 20022003 20093
trying URL 'http://www.nhl.com/scores/htmlreports/20022003/SCH20093.gif'
trying URL 'http://www.nhl.com/scores/htmlreports/20022003/SCV20093.gif'
[1] "CAUGHT at 20022003 20093 : Error in (nums[1] + 3):(nums[2] - 1): result would be too long a vector\n"
Re-downloading single game files due to incompleteness in graphics files.
Downloading files for game 20022003 20094
trying URL 'http://www.nhl.com/scores/htmlreports/20022003/SCH20094.gif'
trying URL 'http://www.nhl.com/scores/htmlreports/20022003/SCV20094.gif'
[1] "CAUGHT at 20022003 20094 : Error in (nums[1] + 3):(nums[2] - 1): result would be too long a vector\n"
Re-downloading single game files due to incompleteness in graphics files.
Downloading files for game 20022003 20095
trying URL 'http://www.nhl.com/scores/htmlreports/20022003/SCH20095.gif'
trying URL 'http://www.nhl.com/scores/htmlreports/20022003/SCV20095.gif'
[1] "CAUGHT at 20022003 20095 : Error in (nums[1] + 3):(nums[2] - 1): result would be too long a vector\n"
Re-downloading single game files due to incompleteness in graphics files.
Downloading files for game 20022003 20096
trying URL 'http://www.nhl.com/scores/htmlreports/20022003/SCH20096.gif'
trying URL 'http://www.nhl.com/scores/htmlreports/20022003/SCV20096.gif'
[1] "CAUGHT at 20022003 20096 : Error in (nums[1] + 3):(nums[2] - 1): result would be too long a vector\n"
Re-downloading single game files due to incompleteness in graphics files.
Downloading files for game 20022003 20097
trying URL 'http://www.nhl.com/scores/htmlreports/20022003/SCH20097.gif'
trying URL 'http://www.nhl.com/scores/htmlreports/20022003/SCV20097.gif'
[1] "CAUGHT at 20022003 20097 : Error in (nums[1] + 3):(nums[2] - 1): result would be too long a vector\n"
Re-downloading single game files due to incompleteness in graphics files.
Downloading files for game 20022003 20098
trying URL 'http://www.nhl.com/scores/htmlreports/20022003/SCH20098.gif'
trying URL 'http://www.nhl.com/scores/htmlreports/20022003/SCV20098.gif'
[1] "CAUGHT at 20022003 20098 : Error in (nums[1] + 3):(nums[2] - 1): result would be too long a vector\n"
Re-downloading single game files due to incompleteness in graphics files.
Downloading files for game 20022003 20099
trying URL 'http://www.nhl.com/scores/htmlreports/20022003/SCH20099.gif'
trying URL 'http://www.nhl.com/scores/htmlreports/20022003/SCV20099.gif'
[1] "CAUGHT at 20022003 20099 : Error in (nums[1] + 3):(nums[2] - 1): result would be too long a vector\n"
Re-downloading single game files due to incompleteness in graphics files.
Downloading files for game 20022003 20100
trying URL 'http://www.nhl.com/scores/htmlreports/20022003/SCH20100.gif'
trying URL 'http://www.nhl.com/scores/htmlreports/20022003/SCV20100.gif'
[1] "CAUGHT at 20022003 20100 : Error in (nums[1] + 3):(nums[2] - 1): result would be too long a vector\n"
proc game 100 of chunk 1
Re-downloading single game files due to incompleteness in graphics files.
Downloading files for game 20022003 20101
trying URL 'http://www.nhl.com/scores/htmlreports/20022003/SCH20101.gif'
trying URL 'http://www.nhl.com/scores/htmlreports/20022003/SCV20101.gif'
[1] "CAUGHT at 20022003 20101 : Error in (nums[1] + 3):(nums[2] - 1): result would be too long a vector\n"
Re-downloading single game files due to incompleteness in graphics files.
Downloading files for game 20022003 20102
trying URL 'http://www.nhl.com/scores/htmlreports/20022003/SCH20102.gif'
trying URL 'http://www.nhl.com/scores/htmlreports/20022003/SCV20102.gif'
[1] "CAUGHT at 20022003 20102 : Error in (nums[1] + 3):(nums[2] - 1): result would be too long a vector\n"
Re-downloading single game files due to incompleteness in graphics files.
Downloading files for game 20022003 20103
trying URL 'http://www.nhl.com/scores/htmlreports/20022003/SCH20103.gif'
trying URL 'http://www.nhl.com/scores/htmlreports/20022003/SCV20103.gif'
[1] "CAUGHT at 20022003 20103 : Error in (nums[1] + 3):(nums[2] - 1): result would be too long a vector\n"
Re-downloading single game files due to incompleteness in graphics files.
Downloading files for game 20022003 20104
trying URL 'http://www.nhl.com/scores/htmlreports/20022003/SCH20104.gif'
trying URL 'http://www.nhl.com/scores/htmlreports/20022003/SCV20104.gif'
[1] "CAUGHT at 20022003 20104 : Error in (nums[1] + 3):(nums[2] - 1): result would be too long a vector\n"
Re-downloading single game files due to incompleteness in graphics files.
Downloading files for game 20022003 20105
trying URL 'http://www.nhl.com/scores/htmlreports/20022003/SCH20105.gif'
trying URL 'http://www.nhl.com/scores/htmlreports/20022003/SCV20105.gif'
[1] "CAUGHT at 20022003 20105 : Error in (nums[1] + 3):(nums[2] - 1): result would be too long a vector\n"
Re-downloading single game files due to incompleteness in graphics files.
Downloading files for game 20022003 20106
trying URL 'http://www.nhl.com/scores/htmlreports/20022003/SCH20106.gif'
trying URL 'http://www.nhl.com/scores/htmlreports/20022003/SCV20106.gif'
[1] "CAUGHT at 20022003 20106 : Error in (nums[1] + 3):(nums[2] - 1): result would be too long a vector\n"
Re-downloading single game files due to incompleteness in graphics files.
Downloading files for game 20022003 20107
trying URL 'http://www.nhl.com/scores/htmlreports/20022003/SCH20107.gif'
trying URL 'http://www.nhl.com/scores/htmlreports/20022003/SCV20107.gif'
[1] "CAUGHT at 20022003 20107 : Error in (nums[1] + 3):(nums[2] - 1): result would be too long a vector\n"
Re-downloading single game files due to incompleteness in graphics files.
Downloading files for game 20022003 20108
trying URL 'http://www.nhl.com/scores/htmlreports/20022003/SCH20108.gif'
trying URL 'http://www.nhl.com/scores/htmlreports/20022003/SCV20108.gif'
[1] "CAUGHT at 20022003 20108 : Error in (nums[1] + 3):(nums[2] - 1): result would be too long a vector\n"
Re-downloading single game files due to incompleteness in graphics files.
Downloading files for game 20022003 20109
trying URL 'http://www.nhl.com/scores/htmlreports/20022003/SCH20109.gif'
trying URL 'http://www.nhl.com/scores/htmlreports/20022003/SCV20109.gif'
[1] "CAUGHT at 20022003 20109 : Error in (nums[1] + 3):(nums[2] - 1): result would be too long a vector\n"
Re-downloading single game files due to incompleteness in graphics files.
Downloading files for game 20022003 20110
trying URL 'http://www.nhl.com/scores/htmlreports/20022003/SCH20110.gif'
trying URL 'http://www.nhl.com/scores/htmlreports/20022003/SCV20110.gif'
[1] "CAUGHT at 20022003 20110 : Error in (nums[1] + 3):(nums[2] - 1): result would be too long a vector\n"
Re-downloading single game files due to incompleteness in graphics files.
Downloading files for game 20022003 20111
trying URL 'http://www.nhl.com/scores/htmlreports/20022003/SCH20815.gif'
trying URL 'http://www.nhl.com/scores/htmlreports/20022003/SCV20815.gif'
trying URL 'http://www.nhl.com/scores/htmlreports/20022003/SCH20111.gif'
trying URL 'http://www.nhl.com/scores/htmlreports/20022003/SCV20111.gif'
[1] "CAUGHT at 20022003 20111 : Error in (nums[1] + 3):(nums[2] - 1): result would be too long a vector\n"
Re-downloading single game files due to incompleteness in graphics files.
Downloading files for game 20022003 20112
trying URL 'http://www.nhl.com/scores/htmlreports/20022003/SCH20112.gif'
trying URL 'http://www.nhl.com/scores/htmlreports/20022003/SCV20112.gif'
[1] "CAUGHT at 20022003 20112 : Error in (nums[1] + 3):(nums[2] - 1): result would be too long a vector\n"
Re-downloading single game files due to incompleteness in graphics files.
Downloading files for game 20022003 20113
trying URL 'http://www.nhl.com/scores/htmlreports/20022003/SCH20113.gif'
trying URL 'http://www.nhl.com/scores/htmlreports/20022003/SCV20113.gif'
[1] "CAUGHT at 20022003 20113 : Error in (nums[1] + 3):(nums[2] - 1): result would be too long a vector\n"
Re-downloading single game files due to incompleteness in graphics files.
Downloading files for game 20022003 20114
trying URL 'http://www.nhl.com/scores/htmlreports/20022003/SCH20114.gif'
trying URL 'http://www.nhl.com/scores/htmlreports/20022003/SCV20114.gif'
[1] "CAUGHT at 20022003 20114 : Error in (nums[1] + 3):(nums[2] - 1): result would be too long a vector\n"
Re-downloading single game files due to incompleteness in graphics files.
Downloading files for game 20022003 20115
trying URL 'http://www.nhl.com/scores/htmlreports/20022003/SCH20115.gif'
trying URL 'http://www.nhl.com/scores/htmlreports/20022003/SCV20115.gif'
[1] "CAUGHT at 20022003 20115 : Error in (nums[1] + 3):(nums[2] - 1): result would be too long a vector\n"
Re-downloading single game files due to incompleteness in graphics files.
Downloading files for game 20022003 20116
trying URL 'http://www.nhl.com/scores/htmlreports/20022003/SCH20116.gif'
trying URL 'http://www.nhl.com/scores/htmlreports/20022003/SCV20116.gif'
[1] "CAUGHT at 20022003 20116 : Error in (nums[1] + 3):(nums[2] - 1): result would be too long a vector\n"
Re-downloading single game files due to incompleteness in graphics files.
Downloading files for game 20022003 20117
trying URL 'http://www.nhl.com/scores/htmlreports/20022003/SCH20117.gif'
trying URL 'http://www.nhl.com/scores/htmlreports/20022003/SCV20117.gif'
[1] "CAUGHT at 20022003 20117 : Error in (nums[1] + 3):(nums[2] - 1): result would be too long a vector\n"
Re-downloading single game files due to incompleteness in graphics files.
Downloading files for game 20022003 20118
trying URL 'http://www.nhl.com/scores/htmlreports/20022003/SCH20118.gif'
trying URL 'http://www.nhl.com/scores/htmlreports/20022003/SCV20118.gif'
[1] "CAUGHT at 20022003 20118 : Error in (nums[1] + 3):(nums[2] - 1): result would be too long a vector\n"
Re-downloading single game files due to incompleteness in graphics files.
Downloading files for game 20022003 20119
trying URL 'http://www.nhl.com/scores/htmlreports/20022003/SCH20119.gif'
trying URL 'http://www.nhl.com/scores/htmlreports/20022003/SCV20119.gif'
[1] "CAUGHT at 20022003 20119 : Error in (nums[1] + 3):(nums[2] - 1): result would be too long a vector\n"
Re-downloading single game files due to incompleteness in graphics files.
Downloading files for game 20022003 20120
trying URL 'http://www.nhl.com/scores/htmlreports/20022003/SCH20120.gif'
trying URL 'http://www.nhl.com/scores/htmlreports/20022003/SCV20120.gif'
[1] "CAUGHT at 20022003 20120 : Error in (nums[1] + 3):(nums[2] - 1): result would be too long a vector\n"
Re-downloading single game files due to incompleteness in graphics files.
Downloading files for game 20022003 20121
trying URL 'http://www.nhl.com/scores/htmlreports/20022003/SCH20121.gif'
trying URL 'http://www.nhl.com/scores/htmlreports/20022003/SCV20121.gif'
[1] "CAUGHT at 20022003 20121 : Error in (nums[1] + 3):(nums[2] - 1): result would be too long a vector\n"
Re-downloading single game files due to incompleteness in graphics files.
Downloading files for game 20022003 20122
trying URL 'http://www.nhl.com/scores/htmlreports/20022003/SCH20122.gif'
trying URL 'http://www.nhl.com/scores/htmlreports/20022003/SCV20122.gif'
[1] "CAUGHT at 20022003 20122 : Error in (nums[1] + 3):(nums[2] - 1): result would be too long a vector\n"
Re-downloading single game files due to incompleteness in graphics files.
Downloading files for game 20022003 20123
trying URL 'http://www.nhl.com/scores/htmlreports/20022003/SCH20123.gif'
trying URL 'http://www.nhl.com/scores/htmlreports/20022003/SCV20123.gif'
[1] "CAUGHT at 20022003 20123 : Error in (nums[1] + 3):(nums[2] - 1): result would be too long a vector\n"
Re-downloading single game files due to incompleteness in graphics files.
Downloading files for game 20022003 20124
trying URL 'http://www.nhl.com/scores/htmlreports/20022003/SCH20124.gif'
trying URL 'http://www.nhl.com/scores/htmlreports/20022003/SCV20124.gif'
[1] "CAUGHT at 20022003 20124 : Error in (nums[1] + 3):(nums[2] - 1): result would be too long a vector\n"
Re-downloading single game files due to incompleteness in graphics files.
Downloading files for game 20022003 20125
trying URL 'http://www.nhl.com/scores/htmlreports/20022003/SCH20125.gif'
trying URL 'http://www.nhl.com/scores/htmlreports/20022003/SCV20125.gif'
[1] "CAUGHT at 20022003 20125 : Error in (nums[1] + 3):(nums[2] - 1): result would be too long a vector\n"
Re-downloading single game files due to incompleteness in graphics files.
Downloading files for game 20022003 20126
trying URL 'http://www.nhl.com/scores/htmlreports/20022003/SCH20126.gif'
trying URL 'http://www.nhl.com/scores/htmlreports/20022003/SCV20126.gif'
[1] "CAUGHT at 20022003 20126 : Error in (nums[1] + 3):(nums[2] - 1): result would be too long a vector\n"
Re-downloading single game files due to incompleteness in graphics files.
Downloading files for game 20022003 20127
trying URL 'http://www.nhl.com/scores/htmlreports/20022003/SCH20127.gif'
trying URL 'http://www.nhl.com/scores/htmlreports/20022003/SCV20127.gif'
[1] "CAUGHT at 20022003 20127 : Error in (nums[1] + 3):(nums[2] - 1): result would be too long a vector\n"
Re-downloading single game files due to incompleteness in graphics files.
Downloading files for game 20022003 20134
trying URL 'http://www.nhl.com/scores/htmlreports/20022003/SCH20134.gif'
trying URL 'http://www.nhl.com/scores/htmlreports/20022003/SCV20134.gif'
proc game 100 of chunk 3
proc game 100 of chunk 4
proc game 200 of chunk 1
proc game 100 of chunk 2
proc game 100 of chunk 6
Re-downloading single game files due to incompleteness in graphics files.
Downloading files for game 20032004 30116
proc game 100 of chunk 7
trying URL 'http://www.nhl.com/scores/htmlreports/20032004/SCH30116.gif'
trying URL 'http://www.nhl.com/scores/htmlreports/20032004/SCV30116.gif'
Re-downloading single game files due to incompleteness in graphics files.
Downloading files for game 20032004 30117
trying URL 'http://www.nhl.com/scores/htmlreports/20032004/SCH30117.gif'
trying URL 'http://www.nhl.com/scores/htmlreports/20032004/SCV30117.gif'
[1] "CAUGHT at 20032004 30134 : Error in (nums[1] + 3):(nums[2] - 1): result would be too long a vector\n"
Re-downloading single game files due to incompleteness in graphics files.
Downloading files for game 20032004 30136
trying URL 'http://www.nhl.com/scores/htmlreports/20032004/SCH30136.gif'
trying URL 'http://www.nhl.com/scores/htmlreports/20032004/SCV30136.gif'
Re-downloading single game files due to incompleteness in graphics files.
Downloading files for game 20032004 30137
trying URL 'http://www.nhl.com/scores/htmlreports/20032004/SCH30137.gif'
trying URL 'http://www.nhl.com/scores/htmlreports/20032004/SCV30137.gif'
proc game 100 of chunk 5
Re-downloading single game files due to incompleteness in graphics files.
Downloading files for game 20032004 30157
trying URL 'http://www.nhl.com/scores/htmlreports/20032004/SCH30157.gif'
trying URL 'http://www.nhl.com/scores/htmlreports/20032004/SCV30157.gif'
Re-downloading single game files due to incompleteness in graphics files.
Downloading files for game 20032004 30166
trying URL 'http://www.nhl.com/scores/htmlreports/20032004/SCH30166.gif'
trying URL 'http://www.nhl.com/scores/htmlreports/20032004/SCV30166.gif'
Re-downloading single game files due to incompleteness in graphics files.
Downloading files for game 20032004 30167
trying URL 'http://www.nhl.com/scores/htmlreports/20032004/SCH30167.gif'
trying URL 'http://www.nhl.com/scores/htmlreports/20032004/SCV30167.gif'
proc game 200 of chunk 4
proc game 200 of chunk 3
Re-downloading single game files due to incompleteness in graphics files.
Downloading files for game 20032004 30186
trying URL 'http://www.nhl.com/scores/htmlreports/20032004/SCH30186.gif'
trying URL 'http://www.nhl.com/scores/htmlreports/20032004/SCV30186.gif'
Re-downloading single game files due to incompleteness in graphics files.
Downloading files for game 20032004 30187
trying URL 'http://www.nhl.com/scores/htmlreports/20032004/SCH30187.gif'
trying URL 'http://www.nhl.com/scores/htmlreports/20032004/SCV30187.gif'
Re-downloading single game files due to incompleteness in graphics files.
Downloading files for game 20032004 30215
trying URL 'http://www.nhl.com/scores/htmlreports/20032004/SCH30215.gif'
trying URL 'http://www.nhl.com/scores/htmlreports/20032004/SCV30215.gif'
Re-downloading single game files due to incompleteness in graphics files.
Downloading files for game 20032004 30216
trying URL 'http://www.nhl.com/scores/htmlreports/20032004/SCH30216.gif'
trying URL 'http://www.nhl.com/scores/htmlreports/20032004/SCV30216.gif'
Re-downloading single game files due to incompleteness in graphics files.
Downloading files for game 20032004 30217
trying URL 'http://www.nhl.com/scores/htmlreports/20032004/SCH30217.gif'
trying URL 'http://www.nhl.com/scores/htmlreports/20032004/SCV30217.gif'
Re-downloading single game files due to incompleteness in graphics files.
Downloading files for game 20022003 20966
trying URL 'http://www.nhl.com/scores/htmlreports/20022003/SCH20966.gif'
trying URL 'http://www.nhl.com/scores/htmlreports/20022003/SCV20966.gif'
Re-downloading single game files due to incompleteness in graphics files.
Downloading files for game 20032004 30227
trying URL 'http://www.nhl.com/scores/htmlreports/20032004/SCH30227.gif'
trying URL 'http://www.nhl.com/scores/htmlreports/20032004/SCV30227.gif'
Re-downloading single game files due to incompleteness in graphics files.
Downloading files for game 20032004 30237
trying URL 'http://www.nhl.com/scores/htmlreports/20032004/SCH30237.gif'
trying URL 'http://www.nhl.com/scores/htmlreports/20032004/SCV30237.gif'
Re-downloading single game files due to incompleteness in graphics files.
Downloading files for game 20032004 30247
trying URL 'http://www.nhl.com/scores/htmlreports/20032004/SCH30247.gif'
trying URL 'http://www.nhl.com/scores/htmlreports/20032004/SCV30247.gif'
Re-downloading single game files due to incompleteness in graphics files.
Downloading files for game 20032004 20512
trying URL 'http://www.nhl.com/scores/htmlreports/20032004/SCH20512.gif'
trying URL 'http://www.nhl.com/scores/htmlreports/20032004/SCV20512.gif'
proc game 300 of chunk 1
Re-downloading single game files due to incompleteness in graphics files.
Downloading files for game 20032004 30327
trying URL 'http://www.nhl.com/scores/htmlreports/20032004/SCH30327.gif'
trying URL 'http://www.nhl.com/scores/htmlreports/20032004/SCV30327.gif'
proc game 200 of chunk 2
Re-downloading single game files due to incompleteness in graphics files.
Downloading files for game 20052006 20002
trying URL 'http://www.nhl.com/scores/htmlreports/20052006/SCH20002.gif'
trying URL 'http://www.nhl.com/scores/htmlreports/20052006/SCV20002.gif'
Re-downloading single game files due to incompleteness in graphics files.
Downloading files for game 20022003 21013
trying URL 'http://www.nhl.com/scores/htmlreports/20022003/SCH21013.gif'
trying URL 'http://www.nhl.com/scores/htmlreports/20022003/SCV21013.gif'
proc game 100 of chunk 8
Re-downloading single game files due to incompleteness in graphics files.
Downloading files for game 20052006 20013
trying URL 'http://www.nhl.com/scores/htmlreports/20052006/SCH20013.gif'
trying URL 'http://www.nhl.com/scores/htmlreports/20052006/SCV20013.gif'
proc game 100 of chunk 9
proc game 100 of chunk 14
proc game 100 of chunk 12
proc game 100 of chunk 11
proc game 300 of chunk 3
proc game 100 of chunk 10
proc game 100 of chunk 16
proc game 200 of chunk 6
proc game 100 of chunk 13
proc game 100 of chunk 15
Re-downloading single game files due to incompleteness in graphics files.
Downloading files for game 20022003 21064
trying URL 'http://www.nhl.com/scores/htmlreports/20022003/SCH21064.gif'
trying URL 'http://www.nhl.com/scores/htmlreports/20022003/SCV21064.gif'
proc game 200 of chunk 7
proc game 300 of chunk 4
proc game 400 of chunk 1
proc game 200 of chunk 5
proc game 300 of chunk 2
Re-downloading single game files due to incompleteness in graphics files.
Downloading files for game 20022003 20419
trying URL 'http://www.nhl.com/scores/htmlreports/20022003/SCH20419.gif'
trying URL 'http://www.nhl.com/scores/htmlreports/20022003/SCV20419.gif'
proc game 400 of chunk 3
Re-downloading single game files due to incompleteness in graphics files.
Downloading files for game 20022003 20483
trying URL 'http://www.nhl.com/scores/htmlreports/20022003/SCH20483.gif'
trying URL 'http://www.nhl.com/scores/htmlreports/20022003/SCV20483.gif'
proc game 500 of chunk 1
proc game 400 of chunk 2
proc game 300 of chunk 6
Re-downloading single game files due to incompleteness in graphics files.
Downloading files for game 20022003 30116
trying URL 'http://www.nhl.com/scores/htmlreports/20022003/SCH30116.gif'
trying URL 'http://www.nhl.com/scores/htmlreports/20022003/SCV30116.gif'
Re-downloading single game files due to incompleteness in graphics files.
Downloading files for game 20022003 30117
trying URL 'http://www.nhl.com/scores/htmlreports/20022003/SCH30117.gif'
trying URL 'http://www.nhl.com/scores/htmlreports/20022003/SCV30117.gif'
Re-downloading single game files due to incompleteness in graphics files.
Downloading files for game 20022003 30126
trying URL 'http://www.nhl.com/scores/htmlreports/20022003/SCH30126.gif'
trying URL 'http://www.nhl.com/scores/htmlreports/20022003/SCV30126.gif'
Re-downloading single game files due to incompleteness in graphics files.
Downloading files for game 20022003 30127
trying URL 'http://www.nhl.com/scores/htmlreports/20022003/SCH30127.gif'
trying URL 'http://www.nhl.com/scores/htmlreports/20022003/SCV30127.gif'
Re-downloading single game files due to incompleteness in graphics files.
Downloading files for game 20052006 20127
trying URL 'http://www.nhl.com/scores/htmlreports/20052006/SCH20127.gif'
trying URL 'http://www.nhl.com/scores/htmlreports/20052006/SCV20127.gif'
Re-downloading single game files due to incompleteness in graphics files.
Downloading files for game 20022003 30137
trying URL 'http://www.nhl.com/scores/htmlreports/20022003/SCH30137.gif'
trying URL 'http://www.nhl.com/scores/htmlreports/20022003/SCV30137.gif'
proc game 300 of chunk 7
Re-downloading single game files due to incompleteness in graphics files.
Downloading files for game 20022003 30157
trying URL 'http://www.nhl.com/scores/htmlreports/20022003/SCH30157.gif'
trying URL 'http://www.nhl.com/scores/htmlreports/20022003/SCV30157.gif'
Re-downloading single game files due to incompleteness in graphics files.
Downloading files for game 20022003 30165
proc game 400 of chunk 4
trying URL 'http://www.nhl.com/scores/htmlreports/20022003/SCH30165.gif'
trying URL 'http://www.nhl.com/scores/htmlreports/20022003/SCV30165.gif'
Re-downloading single game files due to incompleteness in graphics files.
Downloading files for game 20022003 30166
trying URL 'http://www.nhl.com/scores/htmlreports/20022003/SCH30166.gif'
trying URL 'http://www.nhl.com/scores/htmlreports/20022003/SCV30166.gif'
Re-downloading single game files due to incompleteness in graphics files.
Downloading files for game 20022003 30167
trying URL 'http://www.nhl.com/scores/htmlreports/20022003/SCH30167.gif'
trying URL 'http://www.nhl.com/scores/htmlreports/20022003/SCV30167.gif'
proc game 500 of chunk 3
Re-downloading single game files due to incompleteness in graphics files.
Downloading files for game 20022003 30214
Re-downloading single game files due to incompleteness in graphics files.
Downloading files for game 20022003 20598
trying URL 'http://www.nhl.com/scores/htmlreports/20022003/SCH30214.gif'
trying URL 'http://www.nhl.com/scores/htmlreports/20022003/SCV30214.gif'
trying URL 'http://www.nhl.com/scores/htmlreports/20022003/SCH20598.gif'
trying URL 'http://www.nhl.com/scores/htmlreports/20022003/SCV20598.gif'
Re-downloading single game files due to incompleteness in graphics files.
Downloading files for game 20022003 30217
proc game 300 of chunk 5
trying URL 'http://www.nhl.com/scores/htmlreports/20022003/SCH30217.gif'
trying URL 'http://www.nhl.com/scores/htmlreports/20022003/SCV30217.gif'
proc game 600 of chunk 1
Re-downloading single game files due to incompleteness in graphics files.
Downloading files for game 20022003 30226
trying URL 'http://www.nhl.com/scores/htmlreports/20022003/SCH30226.gif'
trying URL 'http://www.nhl.com/scores/htmlreports/20022003/SCV30226.gif'
Re-downloading single game files due to incompleteness in graphics files.
Downloading files for game 20022003 30227
trying URL 'http://www.nhl.com/scores/htmlreports/20022003/SCH30227.gif'
trying URL 'http://www.nhl.com/scores/htmlreports/20022003/SCV30227.gif'
proc game 500 of chunk 2
Re-downloading single game files due to incompleteness in graphics files.
Downloading files for game 20022003 30237
trying URL 'http://www.nhl.com/scores/htmlreports/20022003/SCH30237.gif'
trying URL 'http://www.nhl.com/scores/htmlreports/20022003/SCV30237.gif'
proc game 200 of chunk 8
Re-downloading single game files due to incompleteness in graphics files.
Downloading files for game 20022003 30325
trying URL 'http://www.nhl.com/scores/htmlreports/20022003/SCH30325.gif'
trying URL 'http://www.nhl.com/scores/htmlreports/20022003/SCV30325.gif'
Re-downloading single game files due to incompleteness in graphics files.
Downloading files for game 20022003 30326
trying URL 'http://www.nhl.com/scores/htmlreports/20022003/SCH30326.gif'
proc game 200 of chunk 9
trying URL 'http://www.nhl.com/scores/htmlreports/20022003/SCV30326.gif'
Re-downloading single game files due to incompleteness in graphics files.
Downloading files for game 20022003 30327
trying URL 'http://www.nhl.com/scores/htmlreports/20022003/SCH30327.gif'
trying URL 'http://www.nhl.com/scores/htmlreports/20022003/SCV30327.gif'
proc game 200 of chunk 11
proc game 200 of chunk 12
proc game 200 of chunk 16
proc game 200 of chunk 15
proc game 200 of chunk 14
proc game 200 of chunk 10
proc game 400 of chunk 6
proc game 600 of chunk 3
proc game 700 of chunk 1
proc game 200 of chunk 13
proc game 600 of chunk 2
proc game 400 of chunk 7
Re-downloading single game files due to incompleteness in graphics files.
Downloading files for game 20052006 20234
trying URL 'http://www.nhl.com/scores/htmlreports/20052006/SCH20234.gif'
trying URL 'http://www.nhl.com/scores/htmlreports/20052006/SCV20234.gif'
proc game 400 of chunk 5
proc game 500 of chunk 4
Re-downloading single game files due to incompleteness in graphics files.
Downloading files for game 20062007 30116
trying URL 'http://www.nhl.com/scores/htmlreports/20062007/SCH30116.gif'
trying URL 'http://www.nhl.com/scores/htmlreports/20062007/SCV30116.gif'
Re-downloading single game files due to incompleteness in graphics files.
Downloading files for game 20062007 30117
trying URL 'http://www.nhl.com/scores/htmlreports/20062007/SCH30117.gif'
trying URL 'http://www.nhl.com/scores/htmlreports/20062007/SCV30117.gif'
Re-downloading single game files due to incompleteness in graphics files.
Downloading files for game 20062007 30127
trying URL 'http://www.nhl.com/scores/htmlreports/20062007/SCH30127.gif'
trying URL 'http://www.nhl.com/scores/htmlreports/20062007/SCV30127.gif'
proc game 800 of chunk 1
Re-downloading single game files due to incompleteness in graphics files.
Downloading files for game 20062007 30135
trying URL 'http://www.nhl.com/scores/htmlreports/20062007/SCH30135.gif'
trying URL 'http://www.nhl.com/scores/htmlreports/20062007/SCV30135.gif'
Re-downloading single game files due to incompleteness in graphics files.
Downloading files for game 20062007 30136
trying URL 'http://www.nhl.com/scores/htmlreports/20062007/SCH30136.gif'
trying URL 'http://www.nhl.com/scores/htmlreports/20062007/SCV30136.gif'
Re-downloading single game files due to incompleteness in graphics files.
Downloading files for game 20062007 30137
trying URL 'http://www.nhl.com/scores/htmlreports/20062007/SCH30137.gif'
trying URL 'http://www.nhl.com/scores/htmlreports/20062007/SCV30137.gif'
proc game 700 of chunk 3
Re-downloading single game files due to incompleteness in graphics files.
Downloading files for game 20062007 30146
trying URL 'http://www.nhl.com/scores/htmlreports/20062007/SCH30146.gif'
trying URL 'http://www.nhl.com/scores/htmlreports/20062007/SCV30146.gif'
Re-downloading single game files due to incompleteness in graphics files.
Downloading files for game 20062007 30147
trying URL 'http://www.nhl.com/scores/htmlreports/20062007/SCH30147.gif'
trying URL 'http://www.nhl.com/scores/htmlreports/20062007/SCV30147.gif'
Re-downloading single game files due to incompleteness in graphics files.
Downloading files for game 20062007 30157
trying URL 'http://www.nhl.com/scores/htmlreports/20062007/SCH30157.gif'
trying URL 'http://www.nhl.com/scores/htmlreports/20062007/SCV30157.gif'
Re-downloading single game files due to incompleteness in graphics files.
Downloading files for game 20062007 30166
trying URL 'http://www.nhl.com/scores/htmlreports/20062007/SCH30166.gif'
trying URL 'http://www.nhl.com/scores/htmlreports/20062007/SCV30166.gif'
Re-downloading single game files due to incompleteness in graphics files.
Downloading files for game 20062007 30167
trying URL 'http://www.nhl.com/scores/htmlreports/20062007/SCH30167.gif'
trying URL 'http://www.nhl.com/scores/htmlreports/20062007/SCV30167.gif'
proc game 700 of chunk 2
proc game 500 of chunk 6
Re-downloading single game files due to incompleteness in graphics files.
Downloading files for game 20062007 30186
trying URL 'http://www.nhl.com/scores/htmlreports/20062007/SCH30186.gif'
trying URL 'http://www.nhl.com/scores/htmlreports/20062007/SCV30186.gif'
Re-downloading single game files due to incompleteness in graphics files.
Downloading files for game 20062007 30187
trying URL 'http://www.nhl.com/scores/htmlreports/20062007/SCH30187.gif'
trying URL 'http://www.nhl.com/scores/htmlreports/20062007/SCV30187.gif'
Re-downloading single game files due to incompleteness in graphics files.
Downloading files for game 20062007 30217
trying URL 'http://www.nhl.com/scores/htmlreports/20062007/SCH30217.gif'
trying URL 'http://www.nhl.com/scores/htmlreports/20062007/SCV30217.gif'
Re-downloading single game files due to incompleteness in graphics files.
Downloading files for game 20062007 30226
trying URL 'http://www.nhl.com/scores/htmlreports/20062007/SCH30226.gif'
trying URL 'http://www.nhl.com/scores/htmlreports/20062007/SCV30226.gif'
Re-downloading single game files due to incompleteness in graphics files.
Downloading files for game 20062007 30227
trying URL 'http://www.nhl.com/scores/htmlreports/20062007/SCH30227.gif'
trying URL 'http://www.nhl.com/scores/htmlreports/20062007/SCV30227.gif'
Re-downloading single game files due to incompleteness in graphics files.
Downloading files for game 20032004 21045
trying URL 'http://www.nhl.com/scores/htmlreports/20032004/SCH21045.gif'
trying URL 'http://www.nhl.com/scores/htmlreports/20032004/SCV21045.gif'
Re-downloading single game files due to incompleteness in graphics files.
Downloading files for game 20062007 30237
trying URL 'http://www.nhl.com/scores/htmlreports/20062007/SCH30237.gif'
trying URL 'http://www.nhl.com/scores/htmlreports/20062007/SCV30237.gif'
proc game 500 of chunk 7
proc game 300 of chunk 8
Re-downloading single game files due to incompleteness in graphics files.
Downloading files for game 20062007 30246
trying URL 'http://www.nhl.com/scores/htmlreports/20062007/SCH30246.gif'
trying URL 'http://www.nhl.com/scores/htmlreports/20062007/SCV30246.gif'
Re-downloading single game files due to incompleteness in graphics files.
Downloading files for game 20062007 30247
trying URL 'http://www.nhl.com/scores/htmlreports/20062007/SCH30247.gif'
trying URL 'http://www.nhl.com/scores/htmlreports/20062007/SCV30247.gif'
Re-downloading single game files due to incompleteness in graphics files.
Downloading files for game 20062007 30316
proc game 800 of chunk 3
trying URL 'http://www.nhl.com/scores/htmlreports/20062007/SCH30316.gif'
trying URL 'http://www.nhl.com/scores/htmlreports/20062007/SCV30316.gif'
Re-downloading single game files due to incompleteness in graphics files.
Downloading files for game 20062007 30317
trying URL 'http://www.nhl.com/scores/htmlreports/20062007/SCH30317.gif'
trying URL 'http://www.nhl.com/scores/htmlreports/20062007/SCV30317.gif'
proc game 500 of chunk 5
proc game 300 of chunk 9
Re-downloading single game files due to incompleteness in graphics files.
Downloading files for game 20062007 30327
trying URL 'http://www.nhl.com/scores/htmlreports/20062007/SCH30327.gif'
trying URL 'http://www.nhl.com/scores/htmlreports/20062007/SCV30327.gif'
Re-downloading single game files due to incompleteness in graphics files.
Downloading files for game 20062007 30416
trying URL 'http://www.nhl.com/scores/htmlreports/20062007/SCH30416.gif'
trying URL 'http://www.nhl.com/scores/htmlreports/20062007/SCV30416.gif'
Re-downloading single game files due to incompleteness in graphics files.
Downloading files for game 20062007 30417
trying URL 'http://www.nhl.com/scores/htmlreports/20062007/SCH30417.gif'
trying URL 'http://www.nhl.com/scores/htmlreports/20062007/SCV30417.gif'
proc game 600 of chunk 4
proc game 800 of chunk 2
proc game 300 of chunk 11
proc game 300 of chunk 12
proc game 300 of chunk 16
proc game 300 of chunk 15
proc game 300 of chunk 14
proc game 300 of chunk 10
proc game 600 of chunk 6
proc game 300 of chunk 13
proc game 600 of chunk 5
proc game 700 of chunk 4
[1] "CAUGHT at 20052006 20458 : Error in array(es.home$numfirstlast[home.players], dim(home.players)): 'data' must be of a vector type\n"
proc game 700 of chunk 6
proc game 600 of chunk 7
proc game 400 of chunk 8
proc game 400 of chunk 9
Re-downloading single game files due to incompleteness in graphics files.
Downloading files for game 20052006 30116
trying URL 'http://www.nhl.com/scores/htmlreports/20052006/SCH30116.gif'
trying URL 'http://www.nhl.com/scores/htmlreports/20052006/SCV30116.gif'
Re-downloading single game files due to incompleteness in graphics files.
Downloading files for game 20052006 30117
trying URL 'http://www.nhl.com/scores/htmlreports/20052006/SCH30117.gif'
trying URL 'http://www.nhl.com/scores/htmlreports/20052006/SCV30117.gif'
proc game 700 of chunk 5
Re-downloading single game files due to incompleteness in graphics files.
Downloading files for game 20052006 30127
trying URL 'http://www.nhl.com/scores/htmlreports/20052006/SCH30127.gif'
trying URL 'http://www.nhl.com/scores/htmlreports/20052006/SCV30127.gif'
proc game 400 of chunk 12
Re-downloading single game files due to incompleteness in graphics files.
Downloading files for game 20052006 30135
proc game 400 of chunk 11
trying URL 'http://www.nhl.com/scores/htmlreports/20052006/SCH30135.gif'
trying URL 'http://www.nhl.com/scores/htmlreports/20052006/SCV30135.gif'
Re-downloading single game files due to incompleteness in graphics files.
Downloading files for game 20052006 30136
trying URL 'http://www.nhl.com/scores/htmlreports/20052006/SCH30136.gif'
trying URL 'http://www.nhl.com/scores/htmlreports/20052006/SCV30136.gif'
Re-downloading single game files due to incompleteness in graphics files.
Downloading files for game 20052006 30137
trying URL 'http://www.nhl.com/scores/htmlreports/20052006/SCH30137.gif'
trying URL 'http://www.nhl.com/scores/htmlreports/20052006/SCV30137.gif'
proc game 400 of chunk 16
Re-downloading single game files due to incompleteness in graphics files.
Downloading files for game 20052006 30147
trying URL 'http://www.nhl.com/scores/htmlreports/20052006/SCH30147.gif'
trying URL 'http://www.nhl.com/scores/htmlreports/20052006/SCV30147.gif'
proc game 400 of chunk 15
Re-downloading single game files due to incompleteness in graphics files.
Downloading files for game 20052006 30157
trying URL 'http://www.nhl.com/scores/htmlreports/20052006/SCH30157.gif'
trying URL 'http://www.nhl.com/scores/htmlreports/20052006/SCV30157.gif'
Re-downloading single game files due to incompleteness in graphics files.
Downloading files for game 20052006 30166
trying URL 'http://www.nhl.com/scores/htmlreports/20052006/SCH30166.gif'
trying URL 'http://www.nhl.com/scores/htmlreports/20052006/SCV30166.gif'
Re-downloading single game files due to incompleteness in graphics files.
Downloading files for game 20052006 30167
trying URL 'http://www.nhl.com/scores/htmlreports/20052006/SCH30167.gif'
trying URL 'http://www.nhl.com/scores/htmlreports/20052006/SCV30167.gif'
Re-downloading single game files due to incompleteness in graphics files.
Downloading files for game 20052006 30186
trying URL 'http://www.nhl.com/scores/htmlreports/20052006/SCH30186.gif'
trying URL 'http://www.nhl.com/scores/htmlreports/20052006/SCV30186.gif'
Re-downloading single game files due to incompleteness in graphics files.
Downloading files for game 20052006 30187
proc game 800 of chunk 4
trying URL 'http://www.nhl.com/scores/htmlreports/20052006/SCH30187.gif'
trying URL 'http://www.nhl.com/scores/htmlreports/20052006/SCV30187.gif'
proc game 400 of chunk 13
Re-downloading single game files due to incompleteness in graphics files.
Downloading files for game 20052006 30216
trying URL 'http://www.nhl.com/scores/htmlreports/20052006/SCH30216.gif'
trying URL 'http://www.nhl.com/scores/htmlreports/20052006/SCV30216.gif'
Re-downloading single game files due to incompleteness in graphics files.
Downloading files for game 20052006 30217
trying URL 'http://www.nhl.com/scores/htmlreports/20052006/SCH30217.gif'
trying URL 'http://www.nhl.com/scores/htmlreports/20052006/SCV30217.gif'
proc game 400 of chunk 14
proc game 400 of chunk 10
Re-downloading single game files due to incompleteness in graphics files.
Downloading files for game 20052006 30226
proc game 800 of chunk 6
trying URL 'http://www.nhl.com/scores/htmlreports/20052006/SCH30226.gif'
trying URL 'http://www.nhl.com/scores/htmlreports/20052006/SCV30226.gif'
Re-downloading single game files due to incompleteness in graphics files.
Downloading files for game 20052006 30227
trying URL 'http://www.nhl.com/scores/htmlreports/20052006/SCH30227.gif'
trying URL 'http://www.nhl.com/scores/htmlreports/20052006/SCV30227.gif'
[1] "CAUGHT at 20052006 30233 : Error in array(es.home$numfirstlast[home.players], dim(home.players)): 'data' must be of a vector type\n"
Re-downloading single game files due to incompleteness in graphics files.
Downloading files for game 20052006 30237
trying URL 'http://www.nhl.com/scores/htmlreports/20052006/SCH30237.gif'
trying URL 'http://www.nhl.com/scores/htmlreports/20052006/SCV30237.gif'
Re-downloading single game files due to incompleteness in graphics files.
Downloading files for game 20052006 30245
trying URL 'http://www.nhl.com/scores/htmlreports/20052006/SCH30245.gif'
trying URL 'http://www.nhl.com/scores/htmlreports/20052006/SCV30245.gif'
Re-downloading single game files due to incompleteness in graphics files.
Downloading files for game 20052006 30246
trying URL 'http://www.nhl.com/scores/htmlreports/20052006/SCH30246.gif'
trying URL 'http://www.nhl.com/scores/htmlreports/20052006/SCV30246.gif'
Re-downloading single game files due to incompleteness in graphics files.
Downloading files for game 20052006 30247
trying URL 'http://www.nhl.com/scores/htmlreports/20052006/SCH30247.gif'
trying URL 'http://www.nhl.com/scores/htmlreports/20052006/SCV30247.gif'
Re-downloading single game files due to incompleteness in graphics files.
Downloading files for game 20052006 30326
trying URL 'http://www.nhl.com/scores/htmlreports/20052006/SCH30326.gif'
trying URL 'http://www.nhl.com/scores/htmlreports/20052006/SCV30326.gif'
Re-downloading single game files due to incompleteness in graphics files.
Downloading files for game 20052006 30327
trying URL 'http://www.nhl.com/scores/htmlreports/20052006/SCH30327.gif'
trying URL 'http://www.nhl.com/scores/htmlreports/20052006/SCV30327.gif'
proc game 800 of chunk 5
proc game 500 of chunk 8
proc game 700 of chunk 7
proc game 500 of chunk 9
proc game 500 of chunk 12
proc game 500 of chunk 11
proc game 500 of chunk 16
proc game 500 of chunk 15
proc game 500 of chunk 14
proc game 500 of chunk 13
proc game 500 of chunk 10
proc game 600 of chunk 8
proc game 800 of chunk 7
proc game 600 of chunk 12
proc game 600 of chunk 9
proc game 600 of chunk 11
proc game 600 of chunk 16
proc game 600 of chunk 15
proc game 600 of chunk 14
proc game 600 of chunk 13
proc game 600 of chunk 10
proc game 700 of chunk 8
proc game 700 of chunk 12
proc game 700 of chunk 11
proc game 700 of chunk 9
proc game 700 of chunk 16
proc game 700 of chunk 15
proc game 700 of chunk 14
proc game 700 of chunk 10
proc game 700 of chunk 13
proc game 800 of chunk 8
proc game 800 of chunk 11
proc game 800 of chunk 12
proc game 800 of chunk 9
proc game 800 of chunk 16
proc game 800 of chunk 15
proc game 800 of chunk 10
proc game 800 of chunk 14
proc game 800 of chunk 13
> warnings()
NULL
> 
> ## build out roster material and save
> roster <- construct.rosters(games, rdata.folder = EXT)
Roster loading: game 200 of 12840 with 0 skips.
Roster loading: game 300 of 12840 with 0 skips.
Roster loading: game 400 of 12840 with 0 skips.
Roster loading: game 500 of 12840 with 0 skips.
Roster loading: game 600 of 12840 with 0 skips.
Roster loading: game 700 of 12840 with 0 skips.
Roster loading: game 800 of 12840 with 0 skips.
Roster loading: game 900 of 12840 with 0 skips.
Roster loading: game 1000 of 12840 with 0 skips.
Roster loading: game 1100 of 12840 with 0 skips.
Roster loading: game 1200 of 12840 with 0 skips.
Roster loading: game 1300 of 12840 with 0 skips.
Roster loading: game 1400 of 12840 with 0 skips.
Roster loading: game 1500 of 12840 with 0 skips.
Roster loading: game 1600 of 12840 with 0 skips.
Roster loading: game 1700 of 12840 with 0 skips.
Roster loading: game 1800 of 12840 with 0 skips.
Roster loading: game 1900 of 12840 with 0 skips.
Roster loading: game 2000 of 12840 with 0 skips.
Roster loading: game 2100 of 12840 with 0 skips.
Roster loading: game 2200 of 12840 with 0 skips.
Roster loading: game 2300 of 12840 with 0 skips.
Roster loading: game 2400 of 12840 with 0 skips.
Roster loading: game 2500 of 12840 with 0 skips.
Roster loading: game 2600 of 12840 with 0 skips.
Roster loading: game 2700 of 12840 with 0 skips.
Roster loading: game 2800 of 12840 with 0 skips.
Roster loading: game 2900 of 12840 with 0 skips.
Roster loading: game 3000 of 12840 with 0 skips.
Roster loading: game 3100 of 12840 with 0 skips.
Roster loading: game 3200 of 12840 with 0 skips.
Roster loading: game 3300 of 12840 with 0 skips.
Roster loading: game 3400 of 12840 with 0 skips.
Roster loading: game 3500 of 12840 with 0 skips.
Roster loading: game 3600 of 12840 with 0 skips.
Roster loading: game 3700 of 12840 with 0 skips.
Roster loading: game 3800 of 12840 with 0 skips.
Roster loading: game 3900 of 12840 with 0 skips.
Roster loading: game 4000 of 12840 with 0 skips.
Roster loading: game 4100 of 12840 with 0 skips.
Roster loading: game 4200 of 12840 with 0 skips.
Roster loading: game 4300 of 12840 with 0 skips.
Roster loading: game 4400 of 12840 with 0 skips.
Roster loading: game 4500 of 12840 with 0 skips.
Roster loading: game 4600 of 12840 with 0 skips.
Roster loading: game 4700 of 12840 with 0 skips.
Roster loading: game 4800 of 12840 with 0 skips.
Roster loading: game 4900 of 12840 with 0 skips.
Roster loading: game 5000 of 12840 with 0 skips.
Roster loading: game 5100 of 12840 with 0 skips.
Roster loading: game 5200 of 12840 with 0 skips.
Roster loading: game 5300 of 12840 with 0 skips.
Roster loading: game 5400 of 12840 with 0 skips.
Roster loading: game 5500 of 12840 with 0 skips.
Roster loading: game 5600 of 12840 with 0 skips.
Roster loading: game 5700 of 12840 with 0 skips.
Roster loading: game 5800 of 12840 with 0 skips.
Roster loading: game 5900 of 12840 with 0 skips.
Roster loading: game 6000 of 12840 with 0 skips.
Roster loading: game 6100 of 12840 with 0 skips.
Roster loading: game 6200 of 12840 with 0 skips.
Roster loading: game 6300 of 12840 with 0 skips.
Roster loading: game 6400 of 12840 with 0 skips.
Roster loading: game 6500 of 12840 with 0 skips.
Roster loading: game 6600 of 12840 with 0 skips.
Roster loading: game 6700 of 12840 with 0 skips.
Roster loading: game 6800 of 12840 with 0 skips.
Roster loading: game 6900 of 12840 with 0 skips.
Roster loading: game 7000 of 12840 with 0 skips.
Roster loading: game 7100 of 12840 with 0 skips.
Roster loading: game 7200 of 12840 with 0 skips.
Roster loading: game 7300 of 12840 with 0 skips.
Roster loading: game 7400 of 12840 with 0 skips.
Roster loading: game 7500 of 12840 with 0 skips.
Roster loading: game 7600 of 12840 with 0 skips.
Roster loading: game 7700 of 12840 with 0 skips.
Roster loading: game 7800 of 12840 with 0 skips.
Roster loading: game 7900 of 12840 with 0 skips.
Roster loading: game 8000 of 12840 with 0 skips.
Roster loading: game 8100 of 12840 with 0 skips.
Roster loading: game 8200 of 12840 with 0 skips.
Roster loading: game 8300 of 12840 with 0 skips.
Roster loading: game 8400 of 12840 with 0 skips.
Roster loading: game 8500 of 12840 with 0 skips.
Roster loading: game 8600 of 12840 with 0 skips.
Roster loading: game 8700 of 12840 with 0 skips.
Roster loading: game 8800 of 12840 with 0 skips.
Roster loading: game 8900 of 12840 with 0 skips.
Roster loading: game 9000 of 12840 with 0 skips.
Roster loading: game 9100 of 12840 with 0 skips.
Roster loading: game 9200 of 12840 with 0 skips.
Roster loading: game 9300 of 12840 with 0 skips.
Roster loading: game 9400 of 12840 with 0 skips.
Roster loading: game 9500 of 12840 with 1 skips.
Roster loading: game 9600 of 12840 with 1 skips.
Roster loading: game 9700 of 12840 with 1 skips.
Roster loading: game 9800 of 12840 with 1 skips.
Roster loading: game 9900 of 12840 with 1 skips.
Roster loading: game 10000 of 12840 with 1 skips.
Roster loading: game 10100 of 12840 with 1 skips.
Roster loading: game 10200 of 12840 with 1 skips.
Roster loading: game 10300 of 12840 with 1 skips.
Roster loading: game 10400 of 12840 with 1 skips.
Roster loading: game 10500 of 12840 with 1 skips.
Roster loading: game 10600 of 12840 with 1 skips.
Roster loading: game 10700 of 12840 with 1 skips.
Roster loading: game 10800 of 12840 with 1 skips.
Roster loading: game 10900 of 12840 with 1 skips.
Roster loading: game 11000 of 12840 with 1 skips.
Roster loading: game 11100 of 12840 with 1 skips.
Roster loading: game 11200 of 12840 with 1 skips.
Roster loading: game 11300 of 12840 with 1 skips.
Roster loading: game 11400 of 12840 with 1 skips.
Roster loading: game 11500 of 12840 with 1 skips.
Roster loading: game 11600 of 12840 with 1 skips.
Roster loading: game 11700 of 12840 with 1 skips.
Roster loading: game 11800 of 12840 with 1 skips.
Roster loading: game 11900 of 12840 with 1 skips.
Roster loading: game 12000 of 12840 with 1 skips.
Roster loading: game 12100 of 12840 with 1 skips.
Roster loading: game 12200 of 12840 with 1 skips.
Roster loading: game 12300 of 12840 with 1 skips.
Roster loading: game 12400 of 12840 with 1 skips.
Roster loading: game 12500 of 12840 with 1 skips.
Roster loading: game 12600 of 12840 with 1 skips.
Roster loading: game 12700 of 12840 with 1 skips.
Roster loading: game 12800 of 12840 with 1 skips.
Roster merger: game 200 of 12840
Roster merger: game 300 of 12840
Roster merger: game 400 of 12840
Roster merger: game 500 of 12840
Roster merger: game 600 of 12840
Roster merger: game 700 of 12840
Roster merger: game 800 of 12840
Roster merger: game 900 of 12840
Roster merger: game 1000 of 12840
Roster merger: game 1100 of 12840
Roster merger: game 1200 of 12840
Roster merger: game 1300 of 12840
Roster merger: game 1400 of 12840
Roster merger: game 1500 of 12840
Roster merger: game 1600 of 12840
Roster merger: game 1700 of 12840
Roster merger: game 1800 of 12840
Roster merger: game 1900 of 12840
Roster merger: game 2000 of 12840
Roster merger: game 2100 of 12840
Roster merger: game 2200 of 12840
Roster merger: game 2300 of 12840
Roster merger: game 2400 of 12840
Roster merger: game 2500 of 12840
Roster merger: game 2600 of 12840
Roster merger: game 2700 of 12840
Roster merger: game 2800 of 12840
Roster merger: game 2900 of 12840
Roster merger: game 3000 of 12840
Roster merger: game 3100 of 12840
Roster merger: game 3200 of 12840
Roster merger: game 3300 of 12840
Roster merger: game 3400 of 12840
Roster merger: game 3500 of 12840
Roster merger: game 3600 of 12840
Roster merger: game 3700 of 12840
Roster merger: game 3800 of 12840
Roster merger: game 3900 of 12840
Roster merger: game 4000 of 12840
Roster merger: game 4100 of 12840
Roster merger: game 4200 of 12840
Roster merger: game 4300 of 12840
Roster merger: game 4400 of 12840
Roster merger: game 4500 of 12840
Roster merger: game 4600 of 12840
Roster merger: game 4700 of 12840
Roster merger: game 4800 of 12840
Roster merger: game 4900 of 12840
Roster merger: game 5000 of 12840
Roster merger: game 5100 of 12840
Roster merger: game 5200 of 12840
Roster merger: game 5300 of 12840
Roster merger: game 5400 of 12840
Roster merger: game 5500 of 12840
Roster merger: game 5600 of 12840
Roster merger: game 5700 of 12840
Roster merger: game 5800 of 12840
Roster merger: game 5900 of 12840
Roster merger: game 6000 of 12840
Roster merger: game 6100 of 12840
Roster merger: game 6200 of 12840
Roster merger: game 6300 of 12840
Roster merger: game 6400 of 12840
Roster merger: game 6500 of 12840
Roster merger: game 6600 of 12840
Roster merger: game 6700 of 12840
Roster merger: game 6800 of 12840
Roster merger: game 6900 of 12840
Roster merger: game 7000 of 12840
Roster merger: game 7100 of 12840
Roster merger: game 7200 of 12840
Roster merger: game 7300 of 12840
Roster merger: game 7400 of 12840
Roster merger: game 7500 of 12840
Roster merger: game 7600 of 12840
Roster merger: game 7700 of 12840
Roster merger: game 7800 of 12840
Roster merger: game 7900 of 12840
Roster merger: game 8000 of 12840
Roster merger: game 8100 of 12840
Roster merger: game 8200 of 12840
Roster merger: game 8300 of 12840
Roster merger: game 8400 of 12840
Roster merger: game 8500 of 12840
Roster merger: game 8600 of 12840
Roster merger: game 8700 of 12840
Roster merger: game 8800 of 12840
Roster merger: game 8900 of 12840
Roster merger: game 9000 of 12840
Roster merger: game 9100 of 12840
Roster merger: game 9200 of 12840
Roster merger: game 9300 of 12840
Roster merger: game 9400 of 12840
Roster merger: game 9500 of 12840
Roster merger: game 9600 of 12840
Roster merger: game 9700 of 12840
Roster merger: game 9800 of 12840
Roster merger: game 9900 of 12840
Roster merger: game 10000 of 12840
Roster merger: game 10100 of 12840
Roster merger: game 10200 of 12840
Roster merger: game 10300 of 12840
Roster merger: game 10400 of 12840
Roster merger: game 10500 of 12840
Roster merger: game 10600 of 12840
Roster merger: game 10700 of 12840
Roster merger: game 10800 of 12840
Roster merger: game 10900 of 12840
Roster merger: game 11000 of 12840
Roster merger: game 11100 of 12840
Roster merger: game 11200 of 12840
Roster merger: game 11300 of 12840
Roster merger: game 11400 of 12840
Roster merger: game 11500 of 12840
Roster merger: game 11600 of 12840
Roster merger: game 11700 of 12840
Roster merger: game 11800 of 12840
Roster merger: game 11900 of 12840
Roster merger: game 12000 of 12840
Roster merger: game 12100 of 12840
Roster merger: game 12200 of 12840
Roster merger: game 12300 of 12840
Roster merger: game 12400 of 12840
Roster merger: game 12500 of 12840
Roster merger: game 12600 of 12840
Roster merger: game 12700 of 12840
Roster merger: game 12800 of 12840
Finding most likely position for each player.
> save(roster, file="../data/roster.RData")
> 
> ## extract valid games
> validgames <- roster$games[roster$games$valid,]
> master <- roster$master.list
> 
> ## augment the game information in parallel
> chunk <- ceiling( (0:NC)*(nrow(validgames)/NC) )
> print(chunk)
 [1]     0   793  1586  2379  3171  3964  4757  5550  6342  7135  7928  8721
[13]  9513 10306 11099 11892 12684
> mcaug <- foreach (k=1:NC) %dopar% {
+ 	G <- validgames[(chunk[k]+1):chunk[k+1],]
+ 	for(i in 1:nrow(G)){
+ 		tryCatch({
+ 			rec <- augment.game(retrieve.game(G$season[i], G$gcode[i], EXT),master)
+ 			write.table(rec, file=sprintf("%s/%s-%s-gamerec.txt",
+ 					EXT,G$season[i], G$gcode[i]), 
+ 					sep="|", quote=FALSE) },
+ 			error = function(e) print(paste("CAUGHT at",G[i,1],G$gcode[i],":",e)))
+ 		if (i%%100 == 0) message(paste("write game", i, "of chunk ", k))}
+ }
[1] "CAUGHT at 20032004 30116 : Error in `[.data.frame`(playbyplay, , cc): undefined columns selected\n"
[1] "CAUGHT at 20032004 30117 : Error in `[.data.frame`(playbyplay, , cc): undefined columns selected\n"
[1] "CAUGHT at 20032004 30136 : Error in `[.data.frame`(playbyplay, , cc): undefined columns selected\n"
[1] "CAUGHT at 20032004 30137 : Error in `[.data.frame`(playbyplay, , cc): undefined columns selected\n"
[1] "CAUGHT at 20032004 30157 : Error in `[.data.frame`(playbyplay, , cc): undefined columns selected\n"
[1] "CAUGHT at 20032004 30166 : Error in `[.data.frame`(playbyplay, , cc): undefined columns selected\n"
[1] "CAUGHT at 20032004 30167 : Error in `[.data.frame`(playbyplay, , cc): undefined columns selected\n"
write game 100 of chunk  4
[1] "CAUGHT at 20032004 30186 : Error in `[.data.frame`(playbyplay, , cc): undefined columns selected\n"
[1] "CAUGHT at 20032004 30187 : Error in `[.data.frame`(playbyplay, , cc): undefined columns selected\n"
write game 100 of chunk  15
write game 100 of chunk  2
write game 100 of chunk  16
[1] "CAUGHT at 20032004 30215 : Error in `[.data.frame`(playbyplay, , cc): undefined columns selected\n"
[1] "CAUGHT at 20032004 30216 : Error in `[.data.frame`(playbyplay, , cc): undefined columns selected\n"
[1] "CAUGHT at 20032004 30217 : Error in `[.data.frame`(playbyplay, , cc): undefined columns selected\n"
write game 100 of chunk  3
write game 100 of chunk  14
write game 100 of chunk  1
[1] "CAUGHT at 20032004 30227 : Error in `[.data.frame`(playbyplay, , cc): undefined columns selected\n"
[1] "CAUGHT at 20072008 30125 : Error in `[.data.frame`(playbyplay, , cc): undefined columns selected\n"
[1] "CAUGHT at 20072008 30126 : Error in `[.data.frame`(playbyplay, , cc): undefined columns selected\n"
[1] "CAUGHT at 20072008 30127 : Error in `[.data.frame`(playbyplay, , cc): undefined columns selected\n"
write game 100 of chunk  13
write game 100 of chunk  9
write game 100 of chunk  11
write game 100 of chunk  10
[1] "CAUGHT at 20032004 30237 : Error in `[.data.frame`(playbyplay, , cc): undefined columns selected\n"
write game 100 of chunk  12
write game 100 of chunk  8
write game 100 of chunk  6
[1] "CAUGHT at 20032004 30247 : Error in `[.data.frame`(playbyplay, , cc): undefined columns selected\n"
write game 100 of chunk  5
[1] "CAUGHT at 20072008 30146 : Error in `[.data.frame`(playbyplay, , cc): undefined columns selected\n"
[1] "CAUGHT at 20072008 30147 : Error in `[.data.frame`(playbyplay, , cc): undefined columns selected\n"
[1] "CAUGHT at 20102011 30116 : Error in `[.data.frame`(playbyplay, , cc): undefined columns selected\n"
[1] "CAUGHT at 20102011 30117 : Error in `[.data.frame`(playbyplay, , cc): undefined columns selected\n"
write game 100 of chunk  7
[1] "CAUGHT at 20072008 30157 : Error in `[.data.frame`(playbyplay, , cc): undefined columns selected\n"
[1] "CAUGHT at 20032004 30327 : Error in `[.data.frame`(playbyplay, , cc): undefined columns selected\n"
[1] "CAUGHT at 20072008 30177 : Error in `[.data.frame`(playbyplay, , cc): undefined columns selected\n"
[1] "CAUGHT at 20072008 30187 : Error in `[.data.frame`(playbyplay, , cc): undefined columns selected\n"
[1] "CAUGHT at 20072008 30216 : Error in `[.data.frame`(playbyplay, , cc): undefined columns selected\n"
[1] "CAUGHT at 20072008 30217 : Error in `[.data.frame`(playbyplay, , cc): undefined columns selected\n"
[1] "CAUGHT at 20102011 30167 : Error in `[.data.frame`(playbyplay, , cc): undefined columns selected\n"
[1] "CAUGHT at 20072008 30226 : Error in `[.data.frame`(playbyplay, , cc): undefined columns selected\n"
[1] "CAUGHT at 20072008 30227 : Error in `[.data.frame`(playbyplay, , cc): undefined columns selected\n"
[1] "CAUGHT at 20072008 30235 : Error in `[.data.frame`(playbyplay, , cc): undefined columns selected\n"
[1] "CAUGHT at 20102011 30175 : Error in `[.data.frame`(playbyplay, , cc): undefined columns selected\n"
[1] "CAUGHT at 20072008 30236 : Error in `[.data.frame`(playbyplay, , cc): undefined columns selected\n"
[1] "CAUGHT at 20102011 30176 : Error in `[.data.frame`(playbyplay, , cc): undefined columns selected\n"
[1] "CAUGHT at 20102011 30177 : Error in `[.data.frame`(playbyplay, , cc): undefined columns selected\n"
[1] "CAUGHT at 20072008 30237 : Error in `[.data.frame`(playbyplay, , cc): undefined columns selected\n"
[1] "CAUGHT at 20102011 30187 : Error in `[.data.frame`(playbyplay, , cc): undefined columns selected\n"
[1] "CAUGHT at 20072008 30247 : Error in `[.data.frame`(playbyplay, , cc): undefined columns selected\n"
[1] "CAUGHT at 20102011 30215 : Error in `[.data.frame`(playbyplay, , cc): undefined columns selected\n"
[1] "CAUGHT at 20102011 30216 : Error in `[.data.frame`(playbyplay, , cc): undefined columns selected\n"
[1] "CAUGHT at 20102011 30217 : Error in `[.data.frame`(playbyplay, , cc): undefined columns selected\n"
[1] "CAUGHT at 20072008 30316 : Error in `[.data.frame`(playbyplay, , cc): undefined columns selected\n"
[1] "CAUGHT at 20072008 30317 : Error in `[.data.frame`(playbyplay, , cc): undefined columns selected\n"
write game 200 of chunk  2
[1] "CAUGHT at 20102011 30225 : Error in `[.data.frame`(playbyplay, , cc): undefined columns selected\n"
[1] "CAUGHT at 20102011 30226 : Error in `[.data.frame`(playbyplay, , cc): undefined columns selected\n"
[1] "CAUGHT at 20102011 30227 : Error in `[.data.frame`(playbyplay, , cc): undefined columns selected\n"
[1] "CAUGHT at 20072008 30327 : Error in `[.data.frame`(playbyplay, , cc): undefined columns selected\n"
write game 200 of chunk  1
write game 200 of chunk  4
[1] "CAUGHT at 20102011 30237 : Error in `[.data.frame`(playbyplay, , cc): undefined columns selected\n"
write game 200 of chunk  3
[1] "CAUGHT at 20072008 30417 : Error in `[.data.frame`(playbyplay, , cc): undefined columns selected\n"
write game 200 of chunk  14
write game 200 of chunk  16
write game 200 of chunk  15
write game 200 of chunk  9
[1] "CAUGHT at 20102011 30326 : Error in `[.data.frame`(playbyplay, , cc): undefined columns selected\n"
[1] "CAUGHT at 20102011 30327 : Error in `[.data.frame`(playbyplay, , cc): undefined columns selected\n"
write game 200 of chunk  11
write game 200 of chunk  13
write game 200 of chunk  10
write game 200 of chunk  8
write game 200 of chunk  12
write game 200 of chunk  6
write game 200 of chunk  5
write game 200 of chunk  7
write game 300 of chunk  2
[1] "CAUGHT at 20052006 20127 : Error in `[.data.frame`(playbyplay, , cc): undefined columns selected\n"
write game 300 of chunk  1
write game 300 of chunk  3
[1] "CAUGHT at 20022003 30116 : Error in `[.data.frame`(playbyplay, , cc): undefined columns selected\n"
[1] "CAUGHT at 20022003 30117 : Error in `[.data.frame`(playbyplay, , cc): undefined columns selected\n"
[1] "CAUGHT at 20022003 30126 : Error in `[.data.frame`(playbyplay, , cc): undefined columns selected\n"
[1] "CAUGHT at 20022003 30127 : Error in `[.data.frame`(playbyplay, , cc): undefined columns selected\n"
[1] "CAUGHT at 20022003 30137 : Error in `[.data.frame`(playbyplay, , cc): undefined columns selected\n"
write game 300 of chunk  4
[1] "CAUGHT at 20022003 30157 : Error in `[.data.frame`(playbyplay, , cc): undefined columns selected\n"
write game 300 of chunk  14
write game 300 of chunk  15
write game 300 of chunk  16
[1] "CAUGHT at 20022003 30165 : Error in `[.data.frame`(playbyplay, , cc): undefined columns selected\n"
[1] "CAUGHT at 20022003 30166 : Error in `[.data.frame`(playbyplay, , cc): undefined columns selected\n"
[1] "CAUGHT at 20022003 30167 : Error in `[.data.frame`(playbyplay, , cc): undefined columns selected\n"
write game 300 of chunk  9
write game 300 of chunk  11
write game 300 of chunk  8
[1] "CAUGHT at 20022003 30217 : Error in `[.data.frame`(playbyplay, , cc): undefined columns selected\n"
write game 300 of chunk  13
write game 300 of chunk  12
[1] "CAUGHT at 20022003 30226 : Error in `[.data.frame`(playbyplay, , cc): undefined columns selected\n"
[1] "CAUGHT at 20022003 30227 : Error in `[.data.frame`(playbyplay, , cc): undefined columns selected\n"
write game 300 of chunk  10
[1] "CAUGHT at 20022003 30237 : Error in `[.data.frame`(playbyplay, , cc): undefined columns selected\n"
write game 300 of chunk  6
write game 300 of chunk  5
write game 300 of chunk  7
write game 400 of chunk  2
[1] "CAUGHT at 20022003 30325 : Error in `[.data.frame`(playbyplay, , cc): undefined columns selected\n"
[1] "CAUGHT at 20022003 30326 : Error in `[.data.frame`(playbyplay, , cc): undefined columns selected\n"
[1] "CAUGHT at 20022003 30327 : Error in `[.data.frame`(playbyplay, , cc): undefined columns selected\n"
write game 400 of chunk  1
write game 400 of chunk  3
[1] "CAUGHT at 20062007 30116 : Error in `[.data.frame`(playbyplay, , cc): undefined columns selected\n"
[1] "CAUGHT at 20062007 30117 : Error in `[.data.frame`(playbyplay, , cc): undefined columns selected\n"
[1] "CAUGHT at 20062007 30127 : Error in `[.data.frame`(playbyplay, , cc): undefined columns selected\n"
[1] "CAUGHT at 20052006 20234 : Error in `[.data.frame`(playbyplay, , cc): undefined columns selected\n"
[1] "CAUGHT at 20062007 30135 : Error in `[.data.frame`(playbyplay, , cc): undefined columns selected\n"
[1] "CAUGHT at 20062007 30136 : Error in `[.data.frame`(playbyplay, , cc): undefined columns selected\n"
[1] "CAUGHT at 20062007 30137 : Error in `[.data.frame`(playbyplay, , cc): undefined columns selected\n"
[1] "CAUGHT at 20092010 30126 : Error in `[.data.frame`(playbyplay, , cc): undefined columns selected\n"
[1] "CAUGHT at 20092010 30127 : Error in `[.data.frame`(playbyplay, , cc): undefined columns selected\n"
[1] "CAUGHT at 20062007 30146 : Error in `[.data.frame`(playbyplay, , cc): undefined columns selected\n"
[1] "CAUGHT at 20062007 30147 : Error in `[.data.frame`(playbyplay, , cc): undefined columns selected\n"
[1] "CAUGHT at 20092010 30137 : Error in `[.data.frame`(playbyplay, , cc): undefined columns selected\n"
write game 400 of chunk  15
[1] "CAUGHT at 20062007 30157 : Error in `[.data.frame`(playbyplay, , cc): undefined columns selected\n"
write game 400 of chunk  4
[1] "CAUGHT at 20092010 30147 : Error in `[.data.frame`(playbyplay, , cc): undefined columns selected\n"
[1] "CAUGHT at 20062007 30166 : Error in `[.data.frame`(playbyplay, , cc): undefined columns selected\n"
write game 400 of chunk  16
[1] "CAUGHT at 20062007 30167 : Error in `[.data.frame`(playbyplay, , cc): undefined columns selected\n"
write game 400 of chunk  14
write game 400 of chunk  8
write game 400 of chunk  12
[1] "CAUGHT at 20092010 30157 : Error in `[.data.frame`(playbyplay, , cc): undefined columns selected\n"
write game 400 of chunk  11
[1] "CAUGHT at 20092010 30167 : Error in `[.data.frame`(playbyplay, , cc): undefined columns selected\n"
[1] "CAUGHT at 20062007 30186 : Error in `[.data.frame`(playbyplay, , cc): undefined columns selected\n"
[1] "CAUGHT at 20062007 30187 : Error in `[.data.frame`(playbyplay, , cc): undefined columns selected\n"
write game 400 of chunk  9
[1] "CAUGHT at 20092010 30177 : Error in `[.data.frame`(playbyplay, , cc): undefined columns selected\n"
write game 400 of chunk  13
[1] "CAUGHT at 20062007 30217 : Error in `[.data.frame`(playbyplay, , cc): undefined columns selected\n"
write game 500 of chunk  2
write game 400 of chunk  7
[1] "CAUGHT at 20062007 30226 : Error in `[.data.frame`(playbyplay, , cc): undefined columns selected\n"
[1] "CAUGHT at 20062007 30227 : Error in `[.data.frame`(playbyplay, , cc): undefined columns selected\n"
write game 400 of chunk  6
[1] "CAUGHT at 20062007 30237 : Error in `[.data.frame`(playbyplay, , cc): undefined columns selected\n"
write game 500 of chunk  3
write game 400 of chunk  10
write game 400 of chunk  5
[1] "CAUGHT at 20062007 30246 : Error in `[.data.frame`(playbyplay, , cc): undefined columns selected\n"
[1] "CAUGHT at 20062007 30247 : Error in `[.data.frame`(playbyplay, , cc): undefined columns selected\n"
write game 500 of chunk  1
[1] "CAUGHT at 20092010 30236 : Error in `[.data.frame`(playbyplay, , cc): undefined columns selected\n"
[1] "CAUGHT at 20092010 30237 : Error in `[.data.frame`(playbyplay, , cc): undefined columns selected\n"
[1] "CAUGHT at 20062007 30316 : Error in `[.data.frame`(playbyplay, , cc): undefined columns selected\n"
[1] "CAUGHT at 20062007 30317 : Error in `[.data.frame`(playbyplay, , cc): undefined columns selected\n"
[1] "CAUGHT at 20092010 30247 : Error in `[.data.frame`(playbyplay, , cc): undefined columns selected\n"
[1] "CAUGHT at 20062007 30327 : Error in `[.data.frame`(playbyplay, , cc): undefined columns selected\n"
[1] "CAUGHT at 20092010 30316 : Error in `[.data.frame`(playbyplay, , cc): undefined columns selected\n"
[1] "CAUGHT at 20092010 30317 : Error in `[.data.frame`(playbyplay, , cc): undefined columns selected\n"
[1] "CAUGHT at 20062007 30416 : Error in `[.data.frame`(playbyplay, , cc): undefined columns selected\n"
[1] "CAUGHT at 20062007 30417 : Error in `[.data.frame`(playbyplay, , cc): undefined columns selected\n"
[1] "CAUGHT at 20092010 30325 : Error in `[.data.frame`(playbyplay, , cc): undefined columns selected\n"
[1] "CAUGHT at 20092010 30326 : Error in `[.data.frame`(playbyplay, , cc): undefined columns selected\n"
[1] "CAUGHT at 20092010 30327 : Error in `[.data.frame`(playbyplay, , cc): undefined columns selected\n"
[1] "CAUGHT at 20092010 30417 : Error in `[.data.frame`(playbyplay, , cc): undefined columns selected\n"
write game 500 of chunk  15
write game 500 of chunk  12
write game 500 of chunk  8
write game 500 of chunk  4
write game 500 of chunk  11
write game 500 of chunk  14
write game 500 of chunk  16
write game 600 of chunk  2
write game 500 of chunk  13
write game 600 of chunk  3
write game 500 of chunk  9
write game 500 of chunk  7
write game 600 of chunk  1
write game 500 of chunk  6
write game 500 of chunk  10
write game 500 of chunk  5
write game 600 of chunk  15
write game 600 of chunk  8
write game 600 of chunk  12
write game 700 of chunk  2
write game 600 of chunk  14
write game 600 of chunk  4
write game 600 of chunk  16
write game 600 of chunk  11
write game 700 of chunk  3
write game 700 of chunk  1
write game 600 of chunk  13
write game 600 of chunk  9
write game 600 of chunk  6
write game 600 of chunk  7
write game 600 of chunk  10
[1] "CAUGHT at 20052006 30116 : Error in `[.data.frame`(playbyplay, , cc): undefined columns selected\n"
[1] "CAUGHT at 20052006 30117 : Error in `[.data.frame`(playbyplay, , cc): undefined columns selected\n"
[1] "CAUGHT at 20052006 30127 : Error in `[.data.frame`(playbyplay, , cc): undefined columns selected\n"
write game 600 of chunk  5
[1] "CAUGHT at 20052006 30135 : Error in `[.data.frame`(playbyplay, , cc): undefined columns selected\n"
[1] "CAUGHT at 20052006 30136 : Error in `[.data.frame`(playbyplay, , cc): undefined columns selected\n"
[1] "CAUGHT at 20052006 30137 : Error in `[.data.frame`(playbyplay, , cc): undefined columns selected\n"
[1] "CAUGHT at 20052006 30147 : Error in `[.data.frame`(playbyplay, , cc): undefined columns selected\n"
[1] "CAUGHT at 20082009 30115 : Error in `[.data.frame`(playbyplay, , cc): undefined columns selected\n"
[1] "CAUGHT at 20082009 30116 : Error in `[.data.frame`(playbyplay, , cc): undefined columns selected\n"
[1] "CAUGHT at 20082009 30117 : Error in `[.data.frame`(playbyplay, , cc): undefined columns selected\n"
[1] "CAUGHT at 20112012 30147 : Error in `[.data.frame`(playbyplay, , cc): undefined columns selected\n"
[1] "CAUGHT at 20052006 30157 : Error in `[.data.frame`(playbyplay, , cc): undefined columns selected\n"
[1] "CAUGHT at 20112012 30156 : Error in `[.data.frame`(playbyplay, , cc): undefined columns selected\n"
[1] "CAUGHT at 20112012 30157 : Error in `[.data.frame`(playbyplay, , cc): undefined columns selected\n"
[1] "CAUGHT at 20052006 30166 : Error in `[.data.frame`(playbyplay, , cc): undefined columns selected\n"
[1] "CAUGHT at 20052006 30167 : Error in `[.data.frame`(playbyplay, , cc): undefined columns selected\n"
[1] "CAUGHT at 20112012 30166 : Error in `[.data.frame`(playbyplay, , cc): undefined columns selected\n"
[1] "CAUGHT at 20112012 30167 : Error in `[.data.frame`(playbyplay, , cc): undefined columns selected\n"
write game 700 of chunk  8
write game 700 of chunk  15
[1] "CAUGHT at 20082009 30147 : Error in `[.data.frame`(playbyplay, , cc): undefined columns selected\n"
[1] "CAUGHT at 20112012 30177 : Error in `[.data.frame`(playbyplay, , cc): undefined columns selected\n"
[1] "CAUGHT at 20052006 30186 : Error in `[.data.frame`(playbyplay, , cc): undefined columns selected\n"
[1] "CAUGHT at 20052006 30187 : Error in `[.data.frame`(playbyplay, , cc): undefined columns selected\n"
[1] "CAUGHT at 20112012 30186 : Error in `[.data.frame`(playbyplay, , cc): undefined columns selected\n"
[1] "CAUGHT at 20112012 30187 : Error in `[.data.frame`(playbyplay, , cc): undefined columns selected\n"
[1] "CAUGHT at 20082009 30157 : Error in `[.data.frame`(playbyplay, , cc): undefined columns selected\n"
write game 700 of chunk  12
[1] "CAUGHT at 20122013 30117 : Error in `[.data.frame`(playbyplay, , cc): undefined columns selected\n"
[1] "CAUGHT at 20082009 30165 : Error in `[.data.frame`(playbyplay, , cc): undefined columns selected\n"
[1] "CAUGHT at 20082009 30166 : Error in `[.data.frame`(playbyplay, , cc): undefined columns selected\n"
[1] "CAUGHT at 20082009 30167 : Error in `[.data.frame`(playbyplay, , cc): undefined columns selected\n"
[1] "CAUGHT at 20052006 30216 : Error in `[.data.frame`(playbyplay, , cc): undefined columns selected\n"
[1] "CAUGHT at 20052006 30217 : Error in `[.data.frame`(playbyplay, , cc): undefined columns selected\n"
write game 700 of chunk  14
write game 700 of chunk  11
[1] "CAUGHT at 20082009 30175 : Error in `[.data.frame`(playbyplay, , cc): undefined columns selected\n"
[1] "CAUGHT at 20082009 30176 : Error in `[.data.frame`(playbyplay, , cc): undefined columns selected\n"
[1] "CAUGHT at 20082009 30177 : Error in `[.data.frame`(playbyplay, , cc): undefined columns selected\n"
[1] "CAUGHT at 20122013 30126 : Error in `[.data.frame`(playbyplay, , cc): undefined columns selected\n"
write game 700 of chunk  16
[1] "CAUGHT at 20122013 30127 : Error in `[.data.frame`(playbyplay, , cc): undefined columns selected\n"
[1] "CAUGHT at 20052006 30226 : Error in `[.data.frame`(playbyplay, , cc): undefined columns selected\n"
[1] "CAUGHT at 20052006 30227 : Error in `[.data.frame`(playbyplay, , cc): undefined columns selected\n"
[1] "CAUGHT at 20112012 30226 : Error in `[.data.frame`(playbyplay, , cc): undefined columns selected\n"
[1] "CAUGHT at 20112012 30227 : Error in `[.data.frame`(playbyplay, , cc): undefined columns selected\n"
[1] "CAUGHT at 20082009 30187 : Error in `[.data.frame`(playbyplay, , cc): undefined columns selected\n"
write game 700 of chunk  4
[1] "CAUGHT at 20052006 30237 : Error in `[.data.frame`(playbyplay, , cc): undefined columns selected\n"
[1] "CAUGHT at 20112012 30235 : Error in `[.data.frame`(playbyplay, , cc): undefined columns selected\n"
[1] "CAUGHT at 20112012 30236 : Error in `[.data.frame`(playbyplay, , cc): undefined columns selected\n"
[1] "CAUGHT at 20112012 30237 : Error in `[.data.frame`(playbyplay, , cc): undefined columns selected\n"
[1] "CAUGHT at 20052006 30245 : Error in `[.data.frame`(playbyplay, , cc): undefined columns selected\n"
[1] "CAUGHT at 20052006 30246 : Error in `[.data.frame`(playbyplay, , cc): undefined columns selected\n"
[1] "CAUGHT at 20052006 30247 : Error in `[.data.frame`(playbyplay, , cc): undefined columns selected\n"
[1] "CAUGHT at 20112012 30246 : Error in `[.data.frame`(playbyplay, , cc): undefined columns selected\n"
[1] "CAUGHT at 20112012 30247 : Error in `[.data.frame`(playbyplay, , cc): undefined columns selected\n"
write game 700 of chunk  13
write game 700 of chunk  9
[1] "CAUGHT at 20112012 30317 : Error in `[.data.frame`(playbyplay, , cc): undefined columns selected\n"
[1] "CAUGHT at 20122013 30156 : Error in `[.data.frame`(playbyplay, , cc): undefined columns selected\n"
[1] "CAUGHT at 20122013 30157 : Error in `[.data.frame`(playbyplay, , cc): undefined columns selected\n"
[1] "CAUGHT at 20112012 30326 : Error in `[.data.frame`(playbyplay, , cc): undefined columns selected\n"
[1] "CAUGHT at 20112012 30327 : Error in `[.data.frame`(playbyplay, , cc): undefined columns selected\n"
[1] "CAUGHT at 20052006 30326 : Error in `[.data.frame`(playbyplay, , cc): undefined columns selected\n"
[1] "CAUGHT at 20052006 30327 : Error in `[.data.frame`(playbyplay, , cc): undefined columns selected\n"
write game 700 of chunk  10
write game 700 of chunk  6
write game 700 of chunk  7
[1] "CAUGHT at 20112012 30417 : Error in `[.data.frame`(playbyplay, , cc): undefined columns selected\n"
[1] "CAUGHT at 20082009 30247 : Error in `[.data.frame`(playbyplay, , cc): undefined columns selected\n"
[1] "CAUGHT at 20122013 30175 : Error in `[.data.frame`(playbyplay, , cc): undefined columns selected\n"
[1] "CAUGHT at 20122013 30176 : Error in `[.data.frame`(playbyplay, , cc): undefined columns selected\n"
[1] "CAUGHT at 20122013 30177 : Error in `[.data.frame`(playbyplay, , cc): undefined columns selected\n"
[1] "CAUGHT at 20082009 30315 : Error in `[.data.frame`(playbyplay, , cc): undefined columns selected\n"
[1] "CAUGHT at 20082009 30316 : Error in `[.data.frame`(playbyplay, , cc): undefined columns selected\n"
[1] "CAUGHT at 20082009 30317 : Error in `[.data.frame`(playbyplay, , cc): undefined columns selected\n"
[1] "CAUGHT at 20122013 30187 : Error in `[.data.frame`(playbyplay, , cc): undefined columns selected\n"
[1] "CAUGHT at 20082009 30326 : Error in `[.data.frame`(playbyplay, , cc): undefined columns selected\n"
[1] "CAUGHT at 20082009 30327 : Error in `[.data.frame`(playbyplay, , cc): undefined columns selected\n"
[1] "CAUGHT at 20122013 30216 : Error in `[.data.frame`(playbyplay, , cc): undefined columns selected\n"
[1] "CAUGHT at 20122013 30217 : Error in `[.data.frame`(playbyplay, , cc): undefined columns selected\n"
write game 700 of chunk  5
[1] "CAUGHT at 20122013 30226 : Error in `[.data.frame`(playbyplay, , cc): undefined columns selected\n"
[1] "CAUGHT at 20122013 30227 : Error in `[.data.frame`(playbyplay, , cc): undefined columns selected\n"
[1] "CAUGHT at 20122013 30315 : Error in `[.data.frame`(playbyplay, , cc): undefined columns selected\n"
[1] "CAUGHT at 20122013 30316 : Error in `[.data.frame`(playbyplay, , cc): undefined columns selected\n"
[1] "CAUGHT at 20122013 30317 : Error in `[.data.frame`(playbyplay, , cc): undefined columns selected\n"
[1] "CAUGHT at 20122013 30326 : Error in `[.data.frame`(playbyplay, , cc): undefined columns selected\n"
[1] "CAUGHT at 20122013 30327 : Error in `[.data.frame`(playbyplay, , cc): undefined columns selected\n"
[1] "CAUGHT at 20122013 30414 : Error in `[.data.frame`(playbyplay, , cc): undefined columns selected\n"
[1] "CAUGHT at 20122013 30415 : Error in `[.data.frame`(playbyplay, , cc): undefined columns selected\n"
[1] "CAUGHT at 20122013 30416 : Error in `[.data.frame`(playbyplay, , cc): undefined columns selected\n"
[1] "CAUGHT at 20122013 30417 : Error in `[.data.frame`(playbyplay, , cc): undefined columns selected\n"
> warnings()
NULL
> 
> print(date())
[1] "Wed Jun 19 10:23:21 2013"
> 
> 
> 
> proc.time()
     user    system   elapsed 
15473.889    23.762  1661.181 
